#
# A fatal error has been detected by the Java Runtime Environment:
#
#  EXCEPTION_ACCESS_VIOLATION (0xc0000005) at pc=0x00007ffaa4e23004, pid=19308, tid=8492
#
# JRE version: Java(TM) SE Runtime Environment (24.0+36) (build 24+36-3646)
# Java VM: Java HotSpot(TM) 64-Bit Server VM (24+36-3646, mixed mode, sharing, tiered, compressed oops, compressed class ptrs, g1 gc, windows-amd64)
# Problematic frame:
# C  [libasyncProfiler.dll+0x93004]
#
# No core dump will be written. Minidumps are not enabled by default on client versions of Windows
#
# JFR recording file will be written. Location: C:\Users\Shayan\IdeaProjects\MaktabSharif\MaktabSharif\Final_Project\hs_err_pid19308.jfr
#
# If you would like to submit a bug report, please visit:
#   https://bugreport.java.com/bugreport/crash.jsp
# The crash happened outside the Java Virtual Machine in native code.
# See problematic frame for where to report the bug.
#

---------------  S U M M A R Y ------------

Command Line: -ea -Didea.test.cyclic.buffer.size=1048576 -javaagent:C:\Program Files\JetBrains\IntelliJ IDEA 2024.3.5\lib\idea_rt.jar=60112 -javaagent:C:\Users\Shayan\AppData\Local\JetBrains\IntelliJIdea2024.3\captureAgent\debugger-agent.jar -Dkotlinx.coroutines.debug.enable.creation.stack.trace=false -Ddebugger.agent.enable.coroutines=true -Dkotlinx.coroutines.debug.enable.flows.stack.trace=true -Dkotlinx.coroutines.debug.enable.mutable.state.flows.stack.trace=true -agentpath:C:\Users\Shayan\AppData\Local\Temp\idea_libasyncProfiler_dll_temp_folder1040\libasyncProfiler.dll=start,jfr,event=wall,interval=10ms,jfrsync=profile,cstack=no,file=C:\Users\Shayan\IdeaSnapshots\CommentServiceImplTest_2025_07_12_090856.jfr,dbghelppath=C:\Users\Shayan\AppData\Local\Temp\idea_dbghelp_dll_temp_folder1\dbghelp.dll,log=C:\Users\Shayan\AppData\Local\Temp\CommentServiceImplTest_2025_07_12_090856.jfr.log.txt,logLevel=DEBUG -Dfile.encoding=UTF-8 -Dsun.stdout.encoding=UTF-8 -Dsun.stderr.encoding=UTF-8 com.intellij.rt.junit.JUnitStarter -ideVersion5 -junit5 ir.maktabsharif.home_service.service.comment.CommentServiceImplTest

Host: 13th Gen Intel(R) Core(TM) i5-13420H, 12 cores, 15G,  Windows 11 , 64 bit Build 26100 (10.0.26100.4484)
Time: Sat Jul 12 09:08:56 2025 Iran Standard Time elapsed time: 0.574972 seconds (0d 0h 0m 0s)

---------------  T H R E A D  ---------------

Current thread (0x000001c34debdcf0):  JavaThread "main"             [_thread_in_native, id=8492, stack(0x0000006d0fc00000,0x0000006d0fd00000) (1024K)]

Stack: [0x0000006d0fc00000,0x0000006d0fd00000],  sp=0x0000006d0fcfea70,  free space=1018k
Native frames: (J=compiled Java code, j=interpreted, Vv=VM code, C=native code)
C  [libasyncProfiler.dll+0x93004]  (no source info available)
C  [libasyncProfiler.dll+0x934db]  (no source info available)
C  [libasyncProfiler.dll+0x92134]  (no source info available)
C  [libasyncProfiler.dll+0x929aa]  (no source info available)
C  [libasyncProfiler.dll+0x8d561]  (no source info available)
C  [libasyncProfiler.dll+0x7ef21]  (no source info available)
C  [libasyncProfiler.dll+0x7dc38]  (no source info available)
C  [libasyncProfiler.dll+0x7db20]  (no source info available)
C  [libasyncProfiler.dll+0x83c3c]  (no source info available)
V  [jvm.dll+0x5e3a5e]  (no source info available)
V  [jvm.dll+0x8861e6]  (no source info available)
V  [jvm.dll+0x49604e]  (no source info available)
V  [jvm.dll+0x497e21]  (no source info available)
C  [jli.dll+0x52a1]  (no source info available)
C  [ucrtbase.dll+0x37b0]  (no source info available)
C  [KERNEL32.DLL+0x2e8d7]  (no source info available)
C  [ntdll.dll+0x3c34c]  (no source info available)


siginfo: EXCEPTION_ACCESS_VIOLATION (0xc0000005), reading address 0xffffffffffffffff


Registers:
RAX=0x0000000000000010, RBX=0x0000000000000000, RCX=0xffffffffffffffff, RDX=0x007ffaa5bc2ff010
RSP=0x0000006d0fcfea70, RBP=0x000001c34142d850, RSI=0x0000006d0fcfebe0, RDI=0x000001c34142d850
R8 =0x0000000000000042, R9 =0x0000000713e01ee8, R10=0x00007ffaa5e39fc0, R11=0x0000000000000004
R12=0x0000006d0fcfebe0, R13=0x000001c34c2ab1f0, R14=0x000001c34debe0b8, R15=0x000001c34debe0b8
RIP=0x00007ffaa4e23004, EFLAGS=0x0000000000010202

XMM[0]=0x0000000000000000 0x0000000000000000
XMM[1]=0x0000000000000000 0x0000000000000000
XMM[2]=0x0000000000000000 0x0000000000000000
XMM[3]=0x0000000000000000 0x0000000000000000
XMM[4]=0x0000000000000000 0x0000000000000000
XMM[5]=0x0000000000000000 0x0000000000000000
XMM[6]=0x0000000000000000 0x0000000000000000
XMM[7]=0x0000000000000000 0x0000000000000000
XMM[8]=0x0000000000000000 0x0000000000000000
XMM[9]=0x0000000000000000 0x0000000000000000
XMM[10]=0x0000000000000000 0x0000000000000000
XMM[11]=0x0000000000000000 0x0000000000000000
XMM[12]=0x0000000000000000 0x0000000000000000
XMM[13]=0x0000000000000000 0x0000000000000000
XMM[14]=0x0000000000000000 0x0000000000000000
XMM[15]=0x0000000000000000 0x0000000000000000
  MXCSR=0x00001fa0


Register to memory mapping:

RAX=0x0000000000000010 is an unknown value
RBX=0x0 is null
RCX=0xffffffffffffffff is an unknown value
RDX=0x007ffaa5bc2ff010 is an unknown value
RSP=0x0000006d0fcfea70 is pointing into the stack for thread: 0x000001c34debdcf0
RBP=0x000001c34142d850 points into unknown readable memory: 0x0000000713e01ee8 | e8 1e e0 13 07 00 00 00
RSI=0x0000006d0fcfebe0 is pointing into the stack for thread: 0x000001c34debdcf0
RDI=0x000001c34142d850 points into unknown readable memory: 0x0000000713e01ee8 | e8 1e e0 13 07 00 00 00
R8 =0x0000000000000042 is an unknown value
R9 =0x0000000713e01ee8 is an oop: java.lang.Thread 
{0x0000000713e01ee8} - klass: 'java/lang/Thread' - flags: 

 - ---- fields (total size 14 words):
 - 'threadLocalRandomProbe' 'I' @12  0 (0x00000000)
 - private volatile 'eetop' 'J' @16  1938337553648 (0x000001c34debdcf0)
 - private final 'tid' 'J' @24  3 (0x0000000000000003)
 - 'threadLocalRandomSeed' 'J' @32  0 (0x0000000000000000)
 - injected 'jvmti_thread_state' 'J' @40  1938307263472 (0x000001c34c1dabf0)
 - 'threadLocalRandomSecondarySeed' 'I' @48  0 (0x00000000)
 - injected 'jvmti_VTMS_transition_disable_count' 'I' @52  0 (0x00000000)
 - injected 'jfr_epoch' 'S' @56  0 (0x0000)
 - volatile 'interrupted' 'Z' @58  false (0x00)
 - injected 'jvmti_is_in_VTMS_transition' 'Z' @59  false (0x00)
 - private volatile 'name' 'Ljava/lang/String;' @60  "main"{0x0000000713e01f58} (0xe27c03eb)
 - private volatile 'contextClassLoader' 'Ljava/lang/ClassLoader;' @64  a 'jdk/internal/loader/ClassLoaders$AppClassLoader'{0x0000000713e4b110} (0xe27c9622)
 - private final 'holder' 'Ljava/lang/Thread$FieldHolder;' @68  a 'java/lang/Thread$FieldHolder'{0x0000000713e01f98} (0xe27c03f3)
 - 'threadLocals' 'Ljava/lang/ThreadLocal$ThreadLocalMap;' @72  a 'java/lang/ThreadLocal$ThreadLocalMap'{0x0000000713c71e70} (0xe278e3ce)
 - 'inheritableThreadLocals' 'Ljava/lang/ThreadLocal$ThreadLocalMap;' @76  null (0x00000000)
 - private 'scopedValueBindings' 'Ljava/lang/Object;' @80  a 'java/lang/Class'{0x00000007ffe7c880} = 'java/lang/Thread' (0xfffcf910)
 - final 'interruptLock' 'Ljava/lang/Object;' @84  a 'java/lang/Object'{0x0000000713e01f88} (0xe27c03f1)
 - private volatile 'parkBlocker' 'Ljava/lang/Object;' @88  null (0x00000000)
 - private 'nioBlocker' 'Lsun/nio/ch/Interruptible;' @92  null (0x00000000)
 - private 'cont' 'Ljdk/internal/vm/Continuation;' @96  null (0x00000000)
 - private volatile 'uncaughtExceptionHandler' 'Ljava/lang/Thread$UncaughtExceptionHandler;' @100  null (0x00000000)
 - private 'container' 'Ljdk/internal/vm/ThreadContainer;' @104  null (0x00000000)
 - private volatile 'headStackableScopes' 'Ljdk/internal/vm/StackableScope;' @108  null (0x00000000)
R10=0x00007ffaa5e39fc0 jvm.dll
R11=0x0000000000000004 is an unknown value
R12=0x0000006d0fcfebe0 is pointing into the stack for thread: 0x000001c34debdcf0
R13=0x000001c34c2ab1f0 points into unknown readable memory: 0x00007ffaa5daa510 | 10 a5 da a5 fa 7f 00 00
R14=0x000001c34debe0b8 points into unknown readable memory: 0x00007ffaa5da17b0 | b0 17 da a5 fa 7f 00 00
R15=0x000001c34debe0b8 points into unknown readable memory: 0x00007ffaa5da17b0 | b0 17 da a5 fa 7f 00 00

Top of Stack: (sp=0x0000006d0fcfea70)
0x0000006d0fcfea70:   0000006d0fcfebe0 000001c34142d850   ....m...P.BA....
0x0000006d0fcfea80:   0000000000000000 000001c34debe440   ........@..M....
0x0000006d0fcfea90:   000000000000001a 00007ffaa4e234db   .........4......
0x0000006d0fcfeaa0:   0000000000000000 000001c34debe0b8   ...........M....
0x0000006d0fcfeab0:   0000006d0fcfeb01 0000000000000000   ....m...........
0x0000006d0fcfeac0:   000001c3475f65f0 00007ffaa4e22134   .e_G....4!......
0x0000006d0fcfead0:   0000000000000000 000000000000001a   ................
0x0000006d0fcfeae0:   0000000000000000 000000000000001a   ................
0x0000006d0fcfeaf0:   0000000900000002 000001c347592260   ........`"YG....
0x0000006d0fcfeb00:   000001c3475f65f0 000001c3475f6658   .e_G....Xf_G....
0x0000006d0fcfeb10:   000001c3475f6660 0000000000000670   `f_G....p.......
0x0000006d0fcfeb20:   0000000000000000 0000000000000000   ................
0x0000006d0fcfeb30:   0000000000000000 00007ffaa56058e4   .........X`.....
0x0000006d0fcfeb40:   00007ffaa4f7ae00 0000000000004b6c   ........lK......
0x0000006d0fcfeb50:   00007ffaa4f7ae00 00000000ffffffff   ................
0x0000006d0fcfeb60:   0000000000000000 00007ffaa4e229aa   .........)......
0x0000006d0fcfeb70:   000001c34debe0b8 0000000000000000   ...M............
0x0000006d0fcfeb80:   0000006d0fcfebe9 000001c34c2ab1f0   ....m.....*L....
0x0000006d0fcfeb90:   000001c3000021b4 0000000000000000   .!..............
0x0000006d0fcfeba0:   0000000000000000 00007ffb39d3f559   ........Y..9....
0x0000006d0fcfebb0:   000001c34debe0b8 00007ffaa4f7ae00   ...M............
0x0000006d0fcfebc0:   0000000000000000 00007ffaa4ebbc53   ........S.......
0x0000006d0fcfebd0:   0000000000000000 000001c34debe0b8   ...........M....
0x0000006d0fcfebe0:   000001c3475ebb20 000001c3475ebe60    .^G....`.^G....
0x0000006d0fcfebf0:   000001c3475ebe60 00007ffaa4f7ae00   `.^G............
0x0000006d0fcfec00:   000001c34de32858 0000006d0fcfed78   X(.M....x...m...
0x0000006d0fcfec10:   0000006d0fcfeeb0 0000000000008840   ....m...@.......
0x0000006d0fcfec20:   00007ffaa4f6d080 00007ffaa4f7ae50   ........P.......
0x0000006d0fcfec30:   0000000000989680 0000000000989680   ................
0x0000006d0fcfec40:   0000006d0fcfed50 00007ffaa4e1d561   P...m...a.......
0x0000006d0fcfec50:   00007ffaa4f7ae00 00007ffaa4f7ae58   ........X.......
0x0000006d0fcfec60:   00007ffa00000000 003eec0e00000001   ..............>.

Instructions: (pc=0x00007ffaa4e23004)
  0x00007ffaa4e22f04:   cc cc cc cc cc cc cc cc cc cc cc cc cc cc cc cc
  0x00007ffaa4e22f14:   cc cc cc cc cc cc cc cc cc cc cc cc cc cc cc cc
  0x00007ffaa4e22f24:   cc cc cc cc cc cc cc cc cc cc cc cc cc cc cc cc
  0x00007ffaa4e22f34:   cc cc cc cc cc cc cc cc cc cc cc cc cc cc cc cc
  0x00007ffaa4e22f44:   cc cc cc cc cc cc cc cc cc cc cc cc cc cc cc cc
  0x00007ffaa4e22f54:   cc cc cc cc cc cc cc cc cc cc cc cc cc cc cc cc
  0x00007ffaa4e22f64:   cc cc cc cc cc cc cc cc cc cc cc cc cc cc cc cc
  0x00007ffaa4e22f74:   cc cc cc cc cc cc cc cc cc cc cc cc cc cc cc cc
  0x00007ffaa4e22f84:   cc cc cc cc cc cc cc cc cc cc cc cc 40 57 48 83
  0x00007ffaa4e22f94:   ec 20 48 8b f9 48 8b 0d 30 80 15 00 48 85 c9 74
  0x00007ffaa4e22fa4:   20 48 8b 01 48 8d 54 24 38 41 b8 06 00 01 00 4c
  0x00007ffaa4e22fb4:   8b 48 30 41 ff d1 85 c0 75 07 48 8b 4c 24 38 eb
  0x00007ffaa4e22fc4:   02 33 c9 4c 8b 05 0a 81 15 00 48 89 5c 24 30 4d
  0x00007ffaa4e22fd4:   85 c0 74 4a 48 8b 01 48 8b d7 4c 8b 88 28 03 00
  0x00007ffaa4e22fe4:   00 41 ff d1 48 85 c0 74 35 48 63 0d b8 3d 15 00
  0x00007ffaa4e22ff4:   48 8b 14 01 48 85 d2 74 15 48 63 05 bc 3d 15 00
=>0x00007ffaa4e23004:   8b 04 10 48 8b 5c 24 30 48 83 c4 20 5f c3 b8 ff
  0x00007ffaa4e23014:   ff ff ff 48 8b 5c 24 30 48 83 c4 20 5f c3 80 3d
  0x00007ffaa4e23024:   bb 7f 15 00 00 bb ff ff ff ff 74 20 4c 8b 0d 51
  0x00007ffaa4e23034:   7c 15 00 4c 8d 44 24 38 48 8b 0d 35 7c 15 00 48
  0x00007ffaa4e23044:   8b d7 41 ff d1 85 c0 0f 44 5c 24 38 8b c3 48 8b
  0x00007ffaa4e23054:   5c 24 30 48 83 c4 20 5f c3 cc cc cc cc cc cc cc
  0x00007ffaa4e23064:   cc cc cc cc cc cc cc cc cc cc cc cc cc cc cc cc
  0x00007ffaa4e23074:   cc cc cc cc cc cc cc cc cc cc cc cc cc cc cc cc
  0x00007ffaa4e23084:   cc cc cc cc cc cc cc cc cc cc cc cc 48 89 54 24
  0x00007ffaa4e23094:   10 53 55 56 57 41 56 41 57 48 83 ec 28 48 8b f2
  0x00007ffaa4e230a4:   4c 8b f1 48 89 4c 24 78 45 33 ff 44 89 7c 24 68
  0x00007ffaa4e230b4:   c7 44 24 60 01 00 00 00 48 8d 4c 24 68 e8 69 3c
  0x00007ffaa4e230c4:   f7 ff 8b d8 48 8d 4c 24 60 e8 5d 3c f7 ff 8b e8
  0x00007ffaa4e230d4:   49 8b ce e8 33 f3 f6 ff 48 8b f8 90 8b c3 f0 0f
  0x00007ffaa4e230e4:   b1 2f 74 04 f3 90 eb f4 4c 89 3e 4c 89 7e 08 4c
  0x00007ffaa4e230f4:   89 7e 10 49 8b 6e 08 4d 8b 76 10 49 3b ee 0f 84


Stack slot to memory mapping:

stack at sp + 0 slots: 0x0000006d0fcfebe0 is pointing into the stack for thread: 0x000001c34debdcf0
stack at sp + 1 slots: 0x000001c34142d850 points into unknown readable memory: 0x0000000713e01ee8 | e8 1e e0 13 07 00 00 00
stack at sp + 2 slots: 0x0 is null
stack at sp + 3 slots: 0x000001c34debe440 points into unknown readable memory: 0x6e616c2e6176616a | 6a 61 76 61 2e 6c 61 6e
stack at sp + 4 slots: 0x000000000000001a is an unknown value
stack at sp + 5 slots: 0x00007ffaa4e234db libasyncProfiler.dll
stack at sp + 6 slots: 0x0 is null
stack at sp + 7 slots: 0x000001c34debe0b8 points into unknown readable memory: 0x00007ffaa5da17b0 | b0 17 da a5 fa 7f 00 00

Lock stack of current Java thread (top to bottom):


---------------  P R O C E S S  ---------------

Threads class SMR info:
_java_thread_list=0x000001c3475612a0, length=15, elements={
0x000001c34debdcf0, 0x000001c341137f40, 0x000001c34113a890, 0x000001c3411413d0,
0x000001c34113e0a0, 0x000001c34113e7f0, 0x000001c34113ef40, 0x000001c341152060,
0x000001c341154e10, 0x000001c341140530, 0x000001c341153760, 0x000001c34113f690,
0x000001c34146fff0, 0x000001c341152fd0, 0x000001c341470740
}

Java Threads: ( => current thread )
=>0x000001c34debdcf0 JavaThread "main"                              [_thread_in_native, id=8492, stack(0x0000006d0fc00000,0x0000006d0fd00000) (1024K)]
  0x000001c341137f40 JavaThread "Reference Handler"          daemon [_thread_blocked, id=15964, stack(0x0000006d10400000,0x0000006d10500000) (1024K)]
  0x000001c34113a890 JavaThread "Finalizer"                  daemon [_thread_blocked, id=1444, stack(0x0000006d10500000,0x0000006d10600000) (1024K)]
  0x000001c3411413d0 JavaThread "Signal Dispatcher"          daemon [_thread_blocked, id=18792, stack(0x0000006d10600000,0x0000006d10700000) (1024K)]
  0x000001c34113e0a0 JavaThread "Attach Listener"            daemon [_thread_blocked, id=2284, stack(0x0000006d10700000,0x0000006d10800000) (1024K)]
  0x000001c34113e7f0 JavaThread "Service Thread"             daemon [_thread_blocked, id=8448, stack(0x0000006d10800000,0x0000006d10900000) (1024K)]
  0x000001c34113ef40 JavaThread "Monitor Deflation Thread"   daemon [_thread_blocked, id=15972, stack(0x0000006d10900000,0x0000006d10a00000) (1024K)]
  0x000001c341152060 JavaThread "C2 CompilerThread0"         daemon [_thread_blocked, id=13924, stack(0x0000006d10a00000,0x0000006d10b00000) (1024K)]
  0x000001c341154e10 JavaThread "C1 CompilerThread0"         daemon [_thread_blocked, id=18480, stack(0x0000006d10b00000,0x0000006d10c00000) (1024K)]
  0x000001c341140530 JavaThread "Common-Cleaner"             daemon [_thread_blocked, id=15920, stack(0x0000006d10c00000,0x0000006d10d00000) (1024K)]
  0x000001c341153760 JavaThread "C2 CompilerThread1"         daemon [_thread_blocked, id=18192, stack(0x0000006d10d00000,0x0000006d10e00000) (1024K)]
  0x000001c34113f690 JavaThread "Monitor Ctrl-Break"         daemon [_thread_in_native, id=15428, stack(0x0000006d10e00000,0x0000006d10f00000) (1024K)]
  0x000001c34146fff0 JavaThread "JFR Recorder Thread"        daemon [_thread_in_native, id=16708, stack(0x0000006d10f00000,0x0000006d11000000) (1024K)]
  0x000001c341152fd0 JavaThread "C2 CompilerThread2"         daemon [_thread_blocked, id=4492, stack(0x0000006d11000000,0x0000006d11100000) (1024K)]
  0x000001c341470740 JavaThread "JFR Periodic Tasks"         daemon [_thread_blocked, id=1648, stack(0x0000006d11100000,0x0000006d11200000) (1024K)]
Total: 15

Other Threads:
  0x000001c35747e420 VMThread "VM Thread"                           [id=12428, stack(0x0000006d10300000,0x0000006d10400000) (1024K)]
  0x000001c35745c120 WatcherThread "VM Periodic Task Thread"        [id=18764, stack(0x0000006d10200000,0x0000006d10300000) (1024K)]
  0x000001c357363450 WorkerThread "GC Thread#0"                     [id=11284, stack(0x0000006d0fd00000,0x0000006d0fe00000) (1024K)]
  0x000001c357378e70 ConcurrentGCThread "G1 Main Marker"            [id=10216, stack(0x0000006d0fe00000,0x0000006d0ff00000) (1024K)]
  0x000001c35737b9b0 WorkerThread "G1 Conc#0"                       [id=21624, stack(0x0000006d0ff00000,0x0000006d10000000) (1024K)]
  0x000001c35744ed50 ConcurrentGCThread "G1 Refine#0"               [id=22448, stack(0x0000006d10000000,0x0000006d10100000) (1024K)]
  0x000001c357450690 ConcurrentGCThread "G1 Service"                [id=1804, stack(0x0000006d10100000,0x0000006d10200000) (1024K)]
Total: 7

Threads with active compile tasks:
Total: 0

VM state: not at safepoint (normal execution)

VM Mutex/Monitor currently owned by a thread: None

Heap address: 0x0000000704400000, size: 4028 MB, Compressed Oops mode: Zero based, Oop shift amount: 3

CDS archive(s) mapped at: [0x000001c300000000-0x000001c300d40000-0x000001c300d40000), size 13893632, SharedBaseAddress: 0x000001c300000000, ArchiveRelocationMode: 1.
Compressed class space mapped at: 0x000001c301000000-0x000001c341000000, reserved size: 1073741824
UseCompressedClassPointers 1, UseCompactObjectHeaders 0
Narrow klass pointer bits 32, Max shift 3
Narrow klass base: 0x000001c300000000, Narrow klass shift: 0
Encoding Range: [0x000001c300000000 - 0x000001c400000000), (4294967296 bytes)
Klass Range:    [0x000001c300000000 - 0x000001c341000000), (1090519040 bytes)
Klass ID Range:  [8 - 1090519033) (1090519025)

GC Precious Log:
 CardTable entry size: 512
 Card Set container configuration: InlinePtr #cards 4 size 8 Array Of Cards #cards 16 size 48 Howl #buckets 8 coarsen threshold 3686 Howl Bitmap #cards 512 size 80 coarsen threshold 460 Card regions per heap region 1 cards per card region 4096
 CPUs: 12 total, 12 available
 Memory: 16108M
 Large Page Support: Disabled
 NUMA Support: Disabled
 Compressed Oops: Enabled (Zero based)
 Heap Region Size: 2M
 Heap Min Capacity: 8M
 Heap Initial Capacity: 252M
 Heap Max Capacity: 4028M
 Pre-touch: Disabled
 Parallel Workers: 10
 Concurrent Workers: 3
 Concurrent Refinement Workers: 10
 Periodic GC: Disabled

Heap:
 garbage-first heap   total reserved 4124672K, committed 260096K, used 27764K [0x0000000704400000, 0x0000000800000000)
  region size 2048K, 15 young (30720K), 0 survivors (0K)
 Metaspace       used 5658K, committed 5824K, reserved 1114112K
  class space    used 460K, committed 512K, reserved 1048576K

Heap Regions: E=young(eden), S=young(survivor), O=old, HS=humongous(starts), HC=humongous(continues), CS=collection set, F=free, TAMS=top-at-mark-start, PB=parsable bottom
|   0|0x0000000704400000, 0x0000000704400000, 0x0000000704600000|  0%| F|  |TAMS 0x0000000704400000| PB 0x0000000704400000| Untracked |  0
|   1|0x0000000704600000, 0x0000000704600000, 0x0000000704800000|  0%| F|  |TAMS 0x0000000704600000| PB 0x0000000704600000| Untracked |  0
|   2|0x0000000704800000, 0x0000000704800000, 0x0000000704a00000|  0%| F|  |TAMS 0x0000000704800000| PB 0x0000000704800000| Untracked |  0
|   3|0x0000000704a00000, 0x0000000704a00000, 0x0000000704c00000|  0%| F|  |TAMS 0x0000000704a00000| PB 0x0000000704a00000| Untracked |  0
|   4|0x0000000704c00000, 0x0000000704c00000, 0x0000000704e00000|  0%| F|  |TAMS 0x0000000704c00000| PB 0x0000000704c00000| Untracked |  0
|   5|0x0000000704e00000, 0x0000000704e00000, 0x0000000705000000|  0%| F|  |TAMS 0x0000000704e00000| PB 0x0000000704e00000| Untracked |  0
|   6|0x0000000705000000, 0x0000000705000000, 0x0000000705200000|  0%| F|  |TAMS 0x0000000705000000| PB 0x0000000705000000| Untracked |  0
|   7|0x0000000705200000, 0x0000000705200000, 0x0000000705400000|  0%| F|  |TAMS 0x0000000705200000| PB 0x0000000705200000| Untracked |  0
|   8|0x0000000705400000, 0x0000000705400000, 0x0000000705600000|  0%| F|  |TAMS 0x0000000705400000| PB 0x0000000705400000| Untracked |  0
|   9|0x0000000705600000, 0x0000000705600000, 0x0000000705800000|  0%| F|  |TAMS 0x0000000705600000| PB 0x0000000705600000| Untracked |  0
|  10|0x0000000705800000, 0x0000000705800000, 0x0000000705a00000|  0%| F|  |TAMS 0x0000000705800000| PB 0x0000000705800000| Untracked |  0
|  11|0x0000000705a00000, 0x0000000705a00000, 0x0000000705c00000|  0%| F|  |TAMS 0x0000000705a00000| PB 0x0000000705a00000| Untracked |  0
|  12|0x0000000705c00000, 0x0000000705c00000, 0x0000000705e00000|  0%| F|  |TAMS 0x0000000705c00000| PB 0x0000000705c00000| Untracked |  0
|  13|0x0000000705e00000, 0x0000000705e00000, 0x0000000706000000|  0%| F|  |TAMS 0x0000000705e00000| PB 0x0000000705e00000| Untracked |  0
|  14|0x0000000706000000, 0x0000000706000000, 0x0000000706200000|  0%| F|  |TAMS 0x0000000706000000| PB 0x0000000706000000| Untracked |  0
|  15|0x0000000706200000, 0x0000000706200000, 0x0000000706400000|  0%| F|  |TAMS 0x0000000706200000| PB 0x0000000706200000| Untracked |  0
|  16|0x0000000706400000, 0x0000000706400000, 0x0000000706600000|  0%| F|  |TAMS 0x0000000706400000| PB 0x0000000706400000| Untracked |  0
|  17|0x0000000706600000, 0x0000000706600000, 0x0000000706800000|  0%| F|  |TAMS 0x0000000706600000| PB 0x0000000706600000| Untracked |  0
|  18|0x0000000706800000, 0x0000000706800000, 0x0000000706a00000|  0%| F|  |TAMS 0x0000000706800000| PB 0x0000000706800000| Untracked |  0
|  19|0x0000000706a00000, 0x0000000706a00000, 0x0000000706c00000|  0%| F|  |TAMS 0x0000000706a00000| PB 0x0000000706a00000| Untracked |  0
|  20|0x0000000706c00000, 0x0000000706c00000, 0x0000000706e00000|  0%| F|  |TAMS 0x0000000706c00000| PB 0x0000000706c00000| Untracked |  0
|  21|0x0000000706e00000, 0x0000000706e00000, 0x0000000707000000|  0%| F|  |TAMS 0x0000000706e00000| PB 0x0000000706e00000| Untracked |  0
|  22|0x0000000707000000, 0x0000000707000000, 0x0000000707200000|  0%| F|  |TAMS 0x0000000707000000| PB 0x0000000707000000| Untracked |  0
|  23|0x0000000707200000, 0x0000000707200000, 0x0000000707400000|  0%| F|  |TAMS 0x0000000707200000| PB 0x0000000707200000| Untracked |  0
|  24|0x0000000707400000, 0x0000000707400000, 0x0000000707600000|  0%| F|  |TAMS 0x0000000707400000| PB 0x0000000707400000| Untracked |  0
|  25|0x0000000707600000, 0x0000000707600000, 0x0000000707800000|  0%| F|  |TAMS 0x0000000707600000| PB 0x0000000707600000| Untracked |  0
|  26|0x0000000707800000, 0x0000000707800000, 0x0000000707a00000|  0%| F|  |TAMS 0x0000000707800000| PB 0x0000000707800000| Untracked |  0
|  27|0x0000000707a00000, 0x0000000707a00000, 0x0000000707c00000|  0%| F|  |TAMS 0x0000000707a00000| PB 0x0000000707a00000| Untracked |  0
|  28|0x0000000707c00000, 0x0000000707c00000, 0x0000000707e00000|  0%| F|  |TAMS 0x0000000707c00000| PB 0x0000000707c00000| Untracked |  0
|  29|0x0000000707e00000, 0x0000000707e00000, 0x0000000708000000|  0%| F|  |TAMS 0x0000000707e00000| PB 0x0000000707e00000| Untracked |  0
|  30|0x0000000708000000, 0x0000000708000000, 0x0000000708200000|  0%| F|  |TAMS 0x0000000708000000| PB 0x0000000708000000| Untracked |  0
|  31|0x0000000708200000, 0x0000000708200000, 0x0000000708400000|  0%| F|  |TAMS 0x0000000708200000| PB 0x0000000708200000| Untracked |  0
|  32|0x0000000708400000, 0x0000000708400000, 0x0000000708600000|  0%| F|  |TAMS 0x0000000708400000| PB 0x0000000708400000| Untracked |  0
|  33|0x0000000708600000, 0x0000000708600000, 0x0000000708800000|  0%| F|  |TAMS 0x0000000708600000| PB 0x0000000708600000| Untracked |  0
|  34|0x0000000708800000, 0x0000000708800000, 0x0000000708a00000|  0%| F|  |TAMS 0x0000000708800000| PB 0x0000000708800000| Untracked |  0
|  35|0x0000000708a00000, 0x0000000708a00000, 0x0000000708c00000|  0%| F|  |TAMS 0x0000000708a00000| PB 0x0000000708a00000| Untracked |  0
|  36|0x0000000708c00000, 0x0000000708c00000, 0x0000000708e00000|  0%| F|  |TAMS 0x0000000708c00000| PB 0x0000000708c00000| Untracked |  0
|  37|0x0000000708e00000, 0x0000000708e00000, 0x0000000709000000|  0%| F|  |TAMS 0x0000000708e00000| PB 0x0000000708e00000| Untracked |  0
|  38|0x0000000709000000, 0x0000000709000000, 0x0000000709200000|  0%| F|  |TAMS 0x0000000709000000| PB 0x0000000709000000| Untracked |  0
|  39|0x0000000709200000, 0x0000000709200000, 0x0000000709400000|  0%| F|  |TAMS 0x0000000709200000| PB 0x0000000709200000| Untracked |  0
|  40|0x0000000709400000, 0x0000000709400000, 0x0000000709600000|  0%| F|  |TAMS 0x0000000709400000| PB 0x0000000709400000| Untracked |  0
|  41|0x0000000709600000, 0x0000000709600000, 0x0000000709800000|  0%| F|  |TAMS 0x0000000709600000| PB 0x0000000709600000| Untracked |  0
|  42|0x0000000709800000, 0x0000000709800000, 0x0000000709a00000|  0%| F|  |TAMS 0x0000000709800000| PB 0x0000000709800000| Untracked |  0
|  43|0x0000000709a00000, 0x0000000709a00000, 0x0000000709c00000|  0%| F|  |TAMS 0x0000000709a00000| PB 0x0000000709a00000| Untracked |  0
|  44|0x0000000709c00000, 0x0000000709c00000, 0x0000000709e00000|  0%| F|  |TAMS 0x0000000709c00000| PB 0x0000000709c00000| Untracked |  0
|  45|0x0000000709e00000, 0x0000000709e00000, 0x000000070a000000|  0%| F|  |TAMS 0x0000000709e00000| PB 0x0000000709e00000| Untracked |  0
|  46|0x000000070a000000, 0x000000070a000000, 0x000000070a200000|  0%| F|  |TAMS 0x000000070a000000| PB 0x000000070a000000| Untracked |  0
|  47|0x000000070a200000, 0x000000070a200000, 0x000000070a400000|  0%| F|  |TAMS 0x000000070a200000| PB 0x000000070a200000| Untracked |  0
|  48|0x000000070a400000, 0x000000070a400000, 0x000000070a600000|  0%| F|  |TAMS 0x000000070a400000| PB 0x000000070a400000| Untracked |  0
|  49|0x000000070a600000, 0x000000070a600000, 0x000000070a800000|  0%| F|  |TAMS 0x000000070a600000| PB 0x000000070a600000| Untracked |  0
|  50|0x000000070a800000, 0x000000070a800000, 0x000000070aa00000|  0%| F|  |TAMS 0x000000070a800000| PB 0x000000070a800000| Untracked |  0
|  51|0x000000070aa00000, 0x000000070aa00000, 0x000000070ac00000|  0%| F|  |TAMS 0x000000070aa00000| PB 0x000000070aa00000| Untracked |  0
|  52|0x000000070ac00000, 0x000000070ac00000, 0x000000070ae00000|  0%| F|  |TAMS 0x000000070ac00000| PB 0x000000070ac00000| Untracked |  0
|  53|0x000000070ae00000, 0x000000070ae00000, 0x000000070b000000|  0%| F|  |TAMS 0x000000070ae00000| PB 0x000000070ae00000| Untracked |  0
|  54|0x000000070b000000, 0x000000070b000000, 0x000000070b200000|  0%| F|  |TAMS 0x000000070b000000| PB 0x000000070b000000| Untracked |  0
|  55|0x000000070b200000, 0x000000070b200000, 0x000000070b400000|  0%| F|  |TAMS 0x000000070b200000| PB 0x000000070b200000| Untracked |  0
|  56|0x000000070b400000, 0x000000070b400000, 0x000000070b600000|  0%| F|  |TAMS 0x000000070b400000| PB 0x000000070b400000| Untracked |  0
|  57|0x000000070b600000, 0x000000070b600000, 0x000000070b800000|  0%| F|  |TAMS 0x000000070b600000| PB 0x000000070b600000| Untracked |  0
|  58|0x000000070b800000, 0x000000070b800000, 0x000000070ba00000|  0%| F|  |TAMS 0x000000070b800000| PB 0x000000070b800000| Untracked |  0
|  59|0x000000070ba00000, 0x000000070ba00000, 0x000000070bc00000|  0%| F|  |TAMS 0x000000070ba00000| PB 0x000000070ba00000| Untracked |  0
|  60|0x000000070bc00000, 0x000000070bc00000, 0x000000070be00000|  0%| F|  |TAMS 0x000000070bc00000| PB 0x000000070bc00000| Untracked |  0
|  61|0x000000070be00000, 0x000000070be00000, 0x000000070c000000|  0%| F|  |TAMS 0x000000070be00000| PB 0x000000070be00000| Untracked |  0
|  62|0x000000070c000000, 0x000000070c000000, 0x000000070c200000|  0%| F|  |TAMS 0x000000070c000000| PB 0x000000070c000000| Untracked |  0
|  63|0x000000070c200000, 0x000000070c200000, 0x000000070c400000|  0%| F|  |TAMS 0x000000070c200000| PB 0x000000070c200000| Untracked |  0
|  64|0x000000070c400000, 0x000000070c400000, 0x000000070c600000|  0%| F|  |TAMS 0x000000070c400000| PB 0x000000070c400000| Untracked |  0
|  65|0x000000070c600000, 0x000000070c600000, 0x000000070c800000|  0%| F|  |TAMS 0x000000070c600000| PB 0x000000070c600000| Untracked |  0
|  66|0x000000070c800000, 0x000000070c800000, 0x000000070ca00000|  0%| F|  |TAMS 0x000000070c800000| PB 0x000000070c800000| Untracked |  0
|  67|0x000000070ca00000, 0x000000070ca00000, 0x000000070cc00000|  0%| F|  |TAMS 0x000000070ca00000| PB 0x000000070ca00000| Untracked |  0
|  68|0x000000070cc00000, 0x000000070cc00000, 0x000000070ce00000|  0%| F|  |TAMS 0x000000070cc00000| PB 0x000000070cc00000| Untracked |  0
|  69|0x000000070ce00000, 0x000000070ce00000, 0x000000070d000000|  0%| F|  |TAMS 0x000000070ce00000| PB 0x000000070ce00000| Untracked |  0
|  70|0x000000070d000000, 0x000000070d000000, 0x000000070d200000|  0%| F|  |TAMS 0x000000070d000000| PB 0x000000070d000000| Untracked |  0
|  71|0x000000070d200000, 0x000000070d200000, 0x000000070d400000|  0%| F|  |TAMS 0x000000070d200000| PB 0x000000070d200000| Untracked |  0
|  72|0x000000070d400000, 0x000000070d400000, 0x000000070d600000|  0%| F|  |TAMS 0x000000070d400000| PB 0x000000070d400000| Untracked |  0
|  73|0x000000070d600000, 0x000000070d600000, 0x000000070d800000|  0%| F|  |TAMS 0x000000070d600000| PB 0x000000070d600000| Untracked |  0
|  74|0x000000070d800000, 0x000000070d800000, 0x000000070da00000|  0%| F|  |TAMS 0x000000070d800000| PB 0x000000070d800000| Untracked |  0
|  75|0x000000070da00000, 0x000000070da00000, 0x000000070dc00000|  0%| F|  |TAMS 0x000000070da00000| PB 0x000000070da00000| Untracked |  0
|  76|0x000000070dc00000, 0x000000070dc00000, 0x000000070de00000|  0%| F|  |TAMS 0x000000070dc00000| PB 0x000000070dc00000| Untracked |  0
|  77|0x000000070de00000, 0x000000070de00000, 0x000000070e000000|  0%| F|  |TAMS 0x000000070de00000| PB 0x000000070de00000| Untracked |  0
|  78|0x000000070e000000, 0x000000070e000000, 0x000000070e200000|  0%| F|  |TAMS 0x000000070e000000| PB 0x000000070e000000| Untracked |  0
|  79|0x000000070e200000, 0x000000070e200000, 0x000000070e400000|  0%| F|  |TAMS 0x000000070e200000| PB 0x000000070e200000| Untracked |  0
|  80|0x000000070e400000, 0x000000070e400000, 0x000000070e600000|  0%| F|  |TAMS 0x000000070e400000| PB 0x000000070e400000| Untracked |  0
|  81|0x000000070e600000, 0x000000070e600000, 0x000000070e800000|  0%| F|  |TAMS 0x000000070e600000| PB 0x000000070e600000| Untracked |  0
|  82|0x000000070e800000, 0x000000070e800000, 0x000000070ea00000|  0%| F|  |TAMS 0x000000070e800000| PB 0x000000070e800000| Untracked |  0
|  83|0x000000070ea00000, 0x000000070ea00000, 0x000000070ec00000|  0%| F|  |TAMS 0x000000070ea00000| PB 0x000000070ea00000| Untracked |  0
|  84|0x000000070ec00000, 0x000000070ec00000, 0x000000070ee00000|  0%| F|  |TAMS 0x000000070ec00000| PB 0x000000070ec00000| Untracked |  0
|  85|0x000000070ee00000, 0x000000070ee00000, 0x000000070f000000|  0%| F|  |TAMS 0x000000070ee00000| PB 0x000000070ee00000| Untracked |  0
|  86|0x000000070f000000, 0x000000070f000000, 0x000000070f200000|  0%| F|  |TAMS 0x000000070f000000| PB 0x000000070f000000| Untracked |  0
|  87|0x000000070f200000, 0x000000070f200000, 0x000000070f400000|  0%| F|  |TAMS 0x000000070f200000| PB 0x000000070f200000| Untracked |  0
|  88|0x000000070f400000, 0x000000070f400000, 0x000000070f600000|  0%| F|  |TAMS 0x000000070f400000| PB 0x000000070f400000| Untracked |  0
|  89|0x000000070f600000, 0x000000070f600000, 0x000000070f800000|  0%| F|  |TAMS 0x000000070f600000| PB 0x000000070f600000| Untracked |  0
|  90|0x000000070f800000, 0x000000070f800000, 0x000000070fa00000|  0%| F|  |TAMS 0x000000070f800000| PB 0x000000070f800000| Untracked |  0
|  91|0x000000070fa00000, 0x000000070fa00000, 0x000000070fc00000|  0%| F|  |TAMS 0x000000070fa00000| PB 0x000000070fa00000| Untracked |  0
|  92|0x000000070fc00000, 0x000000070fc00000, 0x000000070fe00000|  0%| F|  |TAMS 0x000000070fc00000| PB 0x000000070fc00000| Untracked |  0
|  93|0x000000070fe00000, 0x000000070fe00000, 0x0000000710000000|  0%| F|  |TAMS 0x000000070fe00000| PB 0x000000070fe00000| Untracked |  0
|  94|0x0000000710000000, 0x0000000710000000, 0x0000000710200000|  0%| F|  |TAMS 0x0000000710000000| PB 0x0000000710000000| Untracked |  0
|  95|0x0000000710200000, 0x0000000710200000, 0x0000000710400000|  0%| F|  |TAMS 0x0000000710200000| PB 0x0000000710200000| Untracked |  0
|  96|0x0000000710400000, 0x0000000710400000, 0x0000000710600000|  0%| F|  |TAMS 0x0000000710400000| PB 0x0000000710400000| Untracked |  0
|  97|0x0000000710600000, 0x0000000710600000, 0x0000000710800000|  0%| F|  |TAMS 0x0000000710600000| PB 0x0000000710600000| Untracked |  0
|  98|0x0000000710800000, 0x0000000710800000, 0x0000000710a00000|  0%| F|  |TAMS 0x0000000710800000| PB 0x0000000710800000| Untracked |  0
|  99|0x0000000710a00000, 0x0000000710a00000, 0x0000000710c00000|  0%| F|  |TAMS 0x0000000710a00000| PB 0x0000000710a00000| Untracked |  0
| 100|0x0000000710c00000, 0x0000000710c00000, 0x0000000710e00000|  0%| F|  |TAMS 0x0000000710c00000| PB 0x0000000710c00000| Untracked |  0
| 101|0x0000000710e00000, 0x0000000710e00000, 0x0000000711000000|  0%| F|  |TAMS 0x0000000710e00000| PB 0x0000000710e00000| Untracked |  0
| 102|0x0000000711000000, 0x0000000711000000, 0x0000000711200000|  0%| F|  |TAMS 0x0000000711000000| PB 0x0000000711000000| Untracked |  0
| 103|0x0000000711200000, 0x0000000711200000, 0x0000000711400000|  0%| F|  |TAMS 0x0000000711200000| PB 0x0000000711200000| Untracked |  0
| 104|0x0000000711400000, 0x0000000711400000, 0x0000000711600000|  0%| F|  |TAMS 0x0000000711400000| PB 0x0000000711400000| Untracked |  0
| 105|0x0000000711600000, 0x0000000711600000, 0x0000000711800000|  0%| F|  |TAMS 0x0000000711600000| PB 0x0000000711600000| Untracked |  0
| 106|0x0000000711800000, 0x0000000711800000, 0x0000000711a00000|  0%| F|  |TAMS 0x0000000711800000| PB 0x0000000711800000| Untracked |  0
| 107|0x0000000711a00000, 0x0000000711a00000, 0x0000000711c00000|  0%| F|  |TAMS 0x0000000711a00000| PB 0x0000000711a00000| Untracked |  0
| 108|0x0000000711c00000, 0x0000000711c00000, 0x0000000711e00000|  0%| F|  |TAMS 0x0000000711c00000| PB 0x0000000711c00000| Untracked |  0
| 109|0x0000000711e00000, 0x0000000711e00000, 0x0000000712000000|  0%| F|  |TAMS 0x0000000711e00000| PB 0x0000000711e00000| Untracked |  0
| 110|0x0000000712000000, 0x0000000712000000, 0x0000000712200000|  0%| F|  |TAMS 0x0000000712000000| PB 0x0000000712000000| Untracked |  0
| 111|0x0000000712200000, 0x000000071230fc90, 0x0000000712400000| 53%| E|  |TAMS 0x0000000712200000| PB 0x0000000712200000| Complete |  0
| 112|0x0000000712400000, 0x0000000712600000, 0x0000000712600000|100%| E|CS|TAMS 0x0000000712400000| PB 0x0000000712400000| Complete |  0
| 113|0x0000000712600000, 0x0000000712800000, 0x0000000712800000|100%| E|CS|TAMS 0x0000000712600000| PB 0x0000000712600000| Complete |  0
| 114|0x0000000712800000, 0x0000000712a00000, 0x0000000712a00000|100%| E|CS|TAMS 0x0000000712800000| PB 0x0000000712800000| Complete |  0
| 115|0x0000000712a00000, 0x0000000712c00000, 0x0000000712c00000|100%| E|CS|TAMS 0x0000000712a00000| PB 0x0000000712a00000| Complete |  0
| 116|0x0000000712c00000, 0x0000000712e00000, 0x0000000712e00000|100%| E|CS|TAMS 0x0000000712c00000| PB 0x0000000712c00000| Complete |  0
| 117|0x0000000712e00000, 0x0000000713000000, 0x0000000713000000|100%| E|CS|TAMS 0x0000000712e00000| PB 0x0000000712e00000| Complete |  0
| 118|0x0000000713000000, 0x0000000713200000, 0x0000000713200000|100%| E|CS|TAMS 0x0000000713000000| PB 0x0000000713000000| Complete |  0
| 119|0x0000000713200000, 0x0000000713400000, 0x0000000713400000|100%| E|CS|TAMS 0x0000000713200000| PB 0x0000000713200000| Complete |  0
| 120|0x0000000713400000, 0x0000000713600000, 0x0000000713600000|100%| E|  |TAMS 0x0000000713400000| PB 0x0000000713400000| Complete |  0
| 121|0x0000000713600000, 0x0000000713800000, 0x0000000713800000|100%| E|CS|TAMS 0x0000000713600000| PB 0x0000000713600000| Complete |  0
| 122|0x0000000713800000, 0x0000000713a00000, 0x0000000713a00000|100%| E|CS|TAMS 0x0000000713800000| PB 0x0000000713800000| Complete |  0
| 123|0x0000000713a00000, 0x0000000713c00000, 0x0000000713c00000|100%| E|CS|TAMS 0x0000000713a00000| PB 0x0000000713a00000| Complete |  0
| 124|0x0000000713c00000, 0x0000000713e00000, 0x0000000713e00000|100%| E|CS|TAMS 0x0000000713c00000| PB 0x0000000713c00000| Complete |  0
| 125|0x0000000713e00000, 0x0000000714000000, 0x0000000714000000|100%| E|CS|TAMS 0x0000000713e00000| PB 0x0000000713e00000| Complete |  0
|2013|0x00000007ffe00000, 0x00000007fff1d3c0, 0x0000000800000000| 55%| O|  |TAMS 0x00000007ffe00000| PB 0x00000007ffe00000| Untracked |  0

Card table byte_map: [0x000001c3678e0000,0x000001c3680c0000] _byte_map_base: 0x000001c3640be000

Marking Bits: (CMBitMap*) 0x000001c357363a70
 Bits: [0x000001c3680c0000, 0x000001c36bfb0000)

Polling page: 0x000001c34c600000

Metaspace:

Usage:
  Non-class:      5.08 MB used.
      Class:    460.04 KB used.
       Both:      5.53 MB used.

Virtual space:
  Non-class space:       64.00 MB reserved,       5.19 MB (  8%) committed,  1 nodes.
      Class space:        1.00 GB reserved,     512.00 KB ( <1%) committed,  1 nodes.
             Both:        1.06 GB reserved,       5.69 MB ( <1%) committed. 

Chunk freelists:
   Non-Class:  10.43 MB
       Class:  15.52 MB
        Both:  25.95 MB

MaxMetaspaceSize: unlimited
CompressedClassSpaceSize: 1.00 GB
Initial GC threshold: 21.00 MB
Current GC threshold: 21.00 MB
CDS: on
 - commit_granule_bytes: 65536.
 - commit_granule_words: 8192.
 - virtual_space_node_default_size: 8388608.
 - enlarge_chunks_in_place: 1.
UseCompressedClassPointers 1, UseCompactObjectHeaders 0
Narrow klass pointer bits 32, Max shift 3
Narrow klass base: 0x000001c300000000, Narrow klass shift: 0
Encoding Range: [0x000001c300000000 - 0x000001c400000000), (4294967296 bytes)
Klass Range:    [0x000001c300000000 - 0x000001c341000000), (1090519040 bytes)
Klass ID Range:  [8 - 1090519033) (1090519025)


Internal statistics:

num_allocs_failed_limit: 0.
num_arena_births: 68.
num_arena_deaths: 0.
num_vsnodes_births: 2.
num_vsnodes_deaths: 0.
num_space_committed: 91.
num_space_uncommitted: 0.
num_chunks_returned_to_freelist: 0.
num_chunks_taken_from_freelist: 76.
num_chunk_merges: 0.
num_chunk_splits: 52.
num_chunks_enlarged: 33.
num_inconsistent_stats: 0.

CodeHeap 'non-profiled nmethods': size=120064Kb used=475Kb max_used=475Kb free=119588Kb
 bounds [0x000001c35ef40000, 0x000001c35f1b0000, 0x000001c366480000]
CodeHeap 'profiled nmethods': size=120000Kb used=1933Kb max_used=1933Kb free=118066Kb
 bounds [0x000001c357480000, 0x000001c3576f0000, 0x000001c35e9b0000]
CodeHeap 'non-nmethods': size=5696Kb used=1294Kb max_used=1354Kb free=4401Kb
 bounds [0x000001c35e9b0000, 0x000001c35ec20000, 0x000001c35ef40000]
CodeCache: size=245760Kb, used=3702Kb, max_used=3762Kb, free=242055Kb
 total_blobs=1854, nmethods=1390, adapters=370, full_count=0
Compilation: enabled, stopped_count=0, restarted_count=0

Compilation events (20 events):
Event: 0.538 Thread 0x000001c341154e10 nmethod 1384 0x000001c35efafe88 code [0x000001c35efaff80, 0x000001c35efb0048]
Event: 0.538 Thread 0x000001c341154e10 1385       1       jdk.jfr.internal.EventControl::getNamedControls (5 bytes)
Event: 0.538 Thread 0x000001c341154e10 nmethod 1385 0x000001c35efb0188 code [0x000001c35efb0280, 0x000001c35efb0348]
Event: 0.538 Thread 0x000001c341154e10 1386       1       jdk.jfr.internal.PlatformEventType::isEnabled (5 bytes)
Event: 0.538 Thread 0x000001c341154e10 nmethod 1386 0x000001c35efb0488 code [0x000001c35efb0580, 0x000001c35efb0648]
Event: 0.538 Thread 0x000001c341153760 nmethod 1359 0x000001c35efb0788 code [0x000001c35efb0980, 0x000001c35efb2490]
Event: 0.538 Thread 0x000001c341153760 1375       4       java.lang.StringLatin1::indexOf (121 bytes)
Event: 0.539 Thread 0x000001c341154e10 1387       1       jdk.jfr.internal.periodic.EventTask::getEventType (5 bytes)
Event: 0.539 Thread 0x000001c341154e10 nmethod 1387 0x000001c35efb2508 code [0x000001c35efb2600, 0x000001c35efb26c8]
Event: 0.539 Thread 0x000001c341154e10 1389       3       java.util.Comparator$$Lambda/0x000001c301039a88::compare (10 bytes)
Event: 0.539 Thread 0x000001c341154e10 nmethod 1389 0x000001c357662908 code [0x000001c357662a60, 0x000001c357662ef0]
Event: 0.539 Thread 0x000001c341154e10 1390       3       java.util.Comparator::lambda$comparingLong$6043328a$1 (18 bytes)
Event: 0.539 Thread 0x000001c341154e10 nmethod 1390 0x000001c357662f88 code [0x000001c3576630e0, 0x000001c3576634d8]
Event: 0.539 Thread 0x000001c341154e10 1388       1       jdk.jfr.internal.periodic.PeriodicTask::getPeriod (5 bytes)
Event: 0.539 Thread 0x000001c341154e10 nmethod 1388 0x000001c35efb2808 code [0x000001c35efb2900, 0x000001c35efb29c8]
Event: 0.540 Thread 0x000001c341152fd0 nmethod 1360 0x000001c35efb2b08 code [0x000001c35efb2d80, 0x000001c35efb4cd8]
Event: 0.540 Thread 0x000001c341152fd0 1363       4       java.util.LinkedHashMap::get (29 bytes)
Event: 0.540 Thread 0x000001c341152060 nmethod 1348 0x000001c35efb4d88 code [0x000001c35efb4fe0, 0x000001c35efb5f28]
Event: 0.543 Thread 0x000001c341152fd0 nmethod 1363 0x000001c35efb6008 code [0x000001c35efb6160, 0x000001c35efb6630]
Event: 0.545 Thread 0x000001c341153760 nmethod 1375 0x000001c35efb6688 code [0x000001c35efb67c0, 0x000001c35efb6df8]

GC Heap History (0 events):
No events

Dll operation events (9 events):
Event: 0.020 Loaded shared library C:\Program Files\Java\jdk-24\bin\java.dll
Event: 0.020 Loaded shared library C:\Program Files\Java\jdk-24\bin\zip.dll
Event: 0.042 Loaded shared library C:\Program Files\Java\jdk-24\bin\jsvml.dll
Event: 0.108 Loaded shared library C:\Program Files\Java\jdk-24\bin\instrument.dll
Event: 0.113 Loaded shared library C:\Program Files\Java\jdk-24\bin\net.dll
Event: 0.114 Loaded shared library C:\Program Files\Java\jdk-24\bin\nio.dll
Event: 0.116 Loaded shared library C:\Program Files\Java\jdk-24\bin\zip.dll
Event: 0.138 Loaded shared library C:\Program Files\Java\jdk-24\bin\extnet.dll
Event: 0.219 Loaded shared library C:\Program Files\Java\jdk-24\bin\jimage.dll

Deoptimization events (20 events):
Event: 0.502 Thread 0x000001c34debdcf0 Uncommon trap: trap_request=0xffffffd6 fr.pc=0x000001c35efa6b00 relative=0x00000000000006a0
Event: 0.502 Thread 0x000001c34debdcf0 Uncommon trap: reason=array_check action=maybe_recompile pc=0x000001c35efa6b00 method=jdk.internal.classfile.impl.SplitConstantPool.internalAdd(Ljava/lang/classfile/constantpool/PoolEntry;I)Ljava/lang/classfile/constantpool/PoolEntry; @ 46 c2
Event: 0.502 Thread 0x000001c34debdcf0 DEOPT PACKING pc=0x000001c35efa6b00 sp=0x0000006d0fcfd420
Event: 0.502 Thread 0x000001c34debdcf0 DEOPT UNPACKING pc=0x000001c35eac6002 sp=0x0000006d0fcfd3d0 mode 2
Event: 0.502 Thread 0x000001c34debdcf0 Uncommon trap: trap_request=0xffffffd6 fr.pc=0x000001c35efa6b00 relative=0x00000000000006a0
Event: 0.502 Thread 0x000001c34debdcf0 Uncommon trap: reason=array_check action=maybe_recompile pc=0x000001c35efa6b00 method=jdk.internal.classfile.impl.SplitConstantPool.internalAdd(Ljava/lang/classfile/constantpool/PoolEntry;I)Ljava/lang/classfile/constantpool/PoolEntry; @ 46 c2
Event: 0.502 Thread 0x000001c34debdcf0 DEOPT PACKING pc=0x000001c35efa6b00 sp=0x0000006d0fcfd420
Event: 0.502 Thread 0x000001c34debdcf0 DEOPT UNPACKING pc=0x000001c35eac6002 sp=0x0000006d0fcfd3d0 mode 2
Event: 0.502 Thread 0x000001c34debdcf0 Uncommon trap: trap_request=0xffffffd6 fr.pc=0x000001c35efa6b00 relative=0x00000000000006a0
Event: 0.502 Thread 0x000001c34debdcf0 Uncommon trap: reason=array_check action=maybe_recompile pc=0x000001c35efa6b00 method=jdk.internal.classfile.impl.SplitConstantPool.internalAdd(Ljava/lang/classfile/constantpool/PoolEntry;I)Ljava/lang/classfile/constantpool/PoolEntry; @ 46 c2
Event: 0.502 Thread 0x000001c34debdcf0 DEOPT PACKING pc=0x000001c35efa6b00 sp=0x0000006d0fcfd290
Event: 0.502 Thread 0x000001c34debdcf0 DEOPT UNPACKING pc=0x000001c35eac6002 sp=0x0000006d0fcfd240 mode 2
Event: 0.502 Thread 0x000001c34debdcf0 Uncommon trap: trap_request=0xffffffd6 fr.pc=0x000001c35efa6b00 relative=0x00000000000006a0
Event: 0.502 Thread 0x000001c34debdcf0 Uncommon trap: reason=array_check action=maybe_recompile pc=0x000001c35efa6b00 method=jdk.internal.classfile.impl.SplitConstantPool.internalAdd(Ljava/lang/classfile/constantpool/PoolEntry;I)Ljava/lang/classfile/constantpool/PoolEntry; @ 46 c2
Event: 0.502 Thread 0x000001c34debdcf0 DEOPT PACKING pc=0x000001c35efa6b00 sp=0x0000006d0fcfd270
Event: 0.502 Thread 0x000001c34debdcf0 DEOPT UNPACKING pc=0x000001c35eac6002 sp=0x0000006d0fcfd220 mode 2
Event: 0.511 Thread 0x000001c34debdcf0 Uncommon trap: trap_request=0xffffff4d fr.pc=0x000001c35efa0710 relative=0x00000000000000f0
Event: 0.511 Thread 0x000001c34debdcf0 Uncommon trap: reason=unstable_if action=reinterpret pc=0x000001c35efa0710 method=java.lang.Long.valueOf(J)Ljava/lang/Long; @ 17 c2
Event: 0.511 Thread 0x000001c34debdcf0 DEOPT PACKING pc=0x000001c35efa0710 sp=0x0000006d0fcfe160
Event: 0.511 Thread 0x000001c34debdcf0 DEOPT UNPACKING pc=0x000001c35eac6002 sp=0x0000006d0fcfe0f8 mode 2

Classes loaded (20 events):
Event: 0.510 Loading class jdk/jfr/internal/MetadataWriter
Event: 0.510 Loading class jdk/jfr/internal/MetadataWriter done
Event: 0.510 Loading class jdk/jfr/internal/MetadataDescriptor$Element
Event: 0.511 Loading class jdk/jfr/internal/MetadataDescriptor$Element done
Event: 0.511 Loading class jdk/jfr/internal/MetadataDescriptor$Attribute
Event: 0.511 Loading class jdk/jfr/internal/MetadataDescriptor$Attribute done
Event: 0.519 Loading class jdk/jfr/internal/consumer/StringParser$Encoding
Event: 0.519 Loading class jdk/jfr/internal/consumer/StringParser$Encoding done
Event: 0.529 Loading class jdk/jfr/internal/consumer/RepositoryFiles
Event: 0.531 Loading class jdk/jfr/internal/consumer/RepositoryFiles done
Event: 0.533 Loading class jdk/jfr/internal/SettingsManager$InternalSetting
Event: 0.534 Loading class jdk/jfr/internal/SettingsManager$InternalSetting done
Event: 0.535 Loading class jdk/jfr/internal/util/Rate
Event: 0.535 Loading class jdk/jfr/internal/util/Rate done
Event: 0.535 Loading class jdk/jfr/internal/util/TimespanUnit
Event: 0.535 Loading class jdk/jfr/internal/util/TimespanUnit done
Event: 0.535 Loading class jdk/jfr/internal/util/ValueParser
Event: 0.535 Loading class jdk/jfr/internal/util/ValueParser done
Event: 0.536 Loading class jdk/jfr/internal/periodic/PeriodicType
Event: 0.536 Loading class jdk/jfr/internal/periodic/PeriodicType done

Classes unloaded (0 events):
No events

Classes redefined (1 events):
Event: 0.143 Thread 0x000001c35747e420 redefined class name=java.lang.Throwable, count=1

Internal exceptions (20 events):
Event: 0.119 Thread 0x000001c34debdcf0 Exception <a 'java/lang/NoSuchMethodError'{0x0000000713c80f30}: 'void java.lang.invoke.DirectMethodHandle$Holder.invokeStatic(java.lang.Object, java.lang.Object, java.lang.Object)'> (0x0000000713c80f30) 
thrown [s\open\src\hotspot\share\interpreter\linkResolver.cpp, line 805]
Event: 0.122 Thread 0x000001c34debdcf0 Exception <a 'java/lang/NoSuchMethodError'{0x0000000713cb5af0}: 'java.lang.Object java.lang.invoke.Invokers$Holder.invokeExact_MT(java.lang.Object, java.lang.Object, java.lang.Object, java.lang.Object, java.lang.Object)'> (0x0000000713cb5af0) 
thrown [s\open\src\hotspot\share\interpreter\linkResolver.cpp, line 805]
Event: 0.137 Thread 0x000001c34113f690 Exception <a 'java/lang/NoSuchMethodError'{0x0000000713a2cfd8}: 'java.lang.Object java.lang.invoke.DirectMethodHandle$Holder.invokeStaticInit(java.lang.Object)'> (0x0000000713a2cfd8) 
thrown [s\open\src\hotspot\share\interpreter\linkResolver.cpp, line 805]
Event: 0.140 Thread 0x000001c34113f690 Exception <a 'java/lang/NoSuchMethodError'{0x0000000713a398e0}: 'void java.lang.invoke.DirectMethodHandle$Holder.invokeStatic(java.lang.Object, java.lang.Object)'> (0x0000000713a398e0) 
thrown [s\open\src\hotspot\share\interpreter\linkResolver.cpp, line 805]
Event: 0.151 Thread 0x000001c34debdcf0 Exception <a 'java/lang/NoSuchMethodError'{0x0000000713b674e8}: 'java.lang.Object java.lang.invoke.DirectMethodHandle$Holder.invokeStaticInit(java.lang.Object, java.lang.Object, java.lang.Object)'> (0x0000000713b674e8) 
thrown [s\open\src\hotspot\share\interpreter\linkResolver.cpp, line 805]
Event: 0.324 Thread 0x000001c34debdcf0 Implicit null exception at 0x000001c35ef6ea56 to 0x000001c35ef6eaf6
Event: 0.324 Thread 0x000001c34debdcf0 Implicit null exception at 0x000001c35ef6961d to 0x000001c35ef6969d
Event: 0.338 Thread 0x000001c34debdcf0 Exception <a 'java/lang/NoSuchMethodError'{0x0000000712e46d08}: 'void java.lang.invoke.DirectMethodHandle$Holder.invokeStaticInit(java.lang.Object)'> (0x0000000712e46d08) 
thrown [s\open\src\hotspot\share\interpreter\linkResolver.cpp, line 805]
Event: 0.348 Thread 0x000001c34debdcf0 Exception <a 'java/lang/NoSuchMethodError'{0x0000000712ef8fa0}: 'void java.lang.invoke.DirectMethodHandle$Holder.invokeSpecial(java.lang.Object, java.lang.Object, java.lang.Object)'> (0x0000000712ef8fa0) 
thrown [s\open\src\hotspot\share\interpreter\linkResolver.cpp, line 805]
Event: 0.358 Thread 0x000001c34debdcf0 Exception <a 'java/lang/NoSuchMethodError'{0x0000000712f73e40}: 'java.lang.Object java.lang.invoke.DirectMethodHandle$Holder.newInvokeSpecial(java.lang.Object, java.lang.Object, java.lang.Object, java.lang.Object, java.lang.Object)'> (0x0000000712f73e40) 
thrown [s\open\src\hotspot\share\interpreter\linkResolver.cpp, line 805]
Event: 0.398 Thread 0x000001c34debdcf0 Exception <a 'java/lang/NoSuchMethodError'{0x0000000712d2a278}: 'long java.lang.invoke.DirectMethodHandle$Holder.invokeVirtual(java.lang.Object, java.lang.Object)'> (0x0000000712d2a278) 
thrown [s\open\src\hotspot\share\interpreter\linkResolver.cpp, line 805]
Event: 0.443 Thread 0x000001c34debdcf0 Exception <a 'java/lang/NoSuchMethodError'{0x0000000712b9f9e8}: 'int java.lang.invoke.DirectMethodHandle$Holder.invokeSpecial(java.lang.Object, java.lang.Object, java.lang.Object)'> (0x0000000712b9f9e8) 
thrown [s\open\src\hotspot\share\interpreter\linkResolver.cpp, line 805]
Event: 0.489 Thread 0x000001c34debdcf0 Exception <a 'java/lang/NoSuchMethodError'{0x000000071297e170}: 'void java.lang.invoke.DirectMethodHandle$Holder.invokeSpecial(java.lang.Object, java.lang.Object, int)'> (0x000000071297e170) 
thrown [s\open\src\hotspot\share\interpreter\linkResolver.cpp, line 805]
Event: 0.489 Thread 0x000001c34debdcf0 Exception <a 'java/lang/NoSuchMethodError'{0x0000000712985db0}: 'void java.lang.invoke.Invokers$Holder.invokeExact_MT(java.lang.Object, int, java.lang.Object)'> (0x0000000712985db0) 
thrown [s\open\src\hotspot\share\interpreter\linkResolver.cpp, line 805]
Event: 0.492 Thread 0x000001c34debdcf0 Exception <a 'java/lang/NoSuchMethodError'{0x00000007129a1e70}: 'void java.lang.invoke.DirectMethodHandle$Holder.invokeStatic(java.lang.Object, java.lang.Object, int)'> (0x00000007129a1e70) 
thrown [s\open\src\hotspot\share\interpreter\linkResolver.cpp, line 805]
Event: 0.492 Thread 0x000001c34debdcf0 Exception <a 'java/lang/NoSuchMethodError'{0x00000007129b1650}: 'java.lang.Object java.lang.invoke.DirectMethodHandle$Holder.newInvokeSpecial(java.lang.Object, java.lang.Object, int)'> (0x00000007129b1650) 
thrown [s\open\src\hotspot\share\interpreter\linkResolver.cpp, line 805]
Event: 0.496 Thread 0x000001c341470740 Exception <a 'java/lang/NoSuchMethodError'{0x00000007129ecbf8}: 'long java.lang.invoke.DirectMethodHandle$Holder.invokeSpecial(java.lang.Object, java.lang.Object)'> (0x00000007129ecbf8) 
thrown [s\open\src\hotspot\share\interpreter\linkResolver.cpp, line 805]
Event: 0.497 Thread 0x000001c34debdcf0 Exception <a 'sun/nio/fs/WindowsException'{0x0000000712607dc0}> (0x0000000712607dc0) 
thrown [s\open\src\hotspot\share\prims\jni.cpp, line 518]
Event: 0.500 Thread 0x000001c34debdcf0 Exception <a 'sun/nio/fs/WindowsException'{0x0000000712616500}> (0x0000000712616500) 
thrown [s\open\src\hotspot\share\prims\jni.cpp, line 518]
Event: 0.503 Thread 0x000001c34debdcf0 Exception <a 'sun/nio/fs/WindowsException'{0x0000000712628e78}> (0x0000000712628e78) 
thrown [s\open\src\hotspot\share\prims\jni.cpp, line 518]

VM Operations (8 events):
Event: 0.096 Executing VM operation: HandshakeAllThreads (Deoptimize)
Event: 0.096 Executing VM operation: HandshakeAllThreads (Deoptimize) done
Event: 0.143 Executing VM operation: RedefineClasses
Event: 0.144 Executing VM operation: RedefineClasses done
Event: 0.497 Executing VM operation: HandshakeAllThreads (Deoptimize)
Event: 0.497 Executing VM operation: HandshakeAllThreads (Deoptimize) done
Event: 0.532 Executing VM operation: JFRSafepointClear
Event: 0.532 Executing VM operation: JFRSafepointClear done

Memory protections (0 events):
No events

Nmethod flushes (0 events):
No events

Events (15 events):
Event: 0.030 Thread 0x000001c34debdcf0 Thread added: 0x000001c34debdcf0
Event: 0.039 Thread 0x000001c34debdcf0 Thread added: 0x000001c341137f40
Event: 0.039 Thread 0x000001c34debdcf0 Thread added: 0x000001c34113a890
Event: 0.040 Thread 0x000001c34debdcf0 Thread added: 0x000001c3411413d0
Event: 0.040 Thread 0x000001c34debdcf0 Thread added: 0x000001c34113e0a0
Event: 0.040 Thread 0x000001c34debdcf0 Thread added: 0x000001c34113e7f0
Event: 0.040 Thread 0x000001c34debdcf0 Thread added: 0x000001c34113ef40
Event: 0.040 Thread 0x000001c34debdcf0 Thread added: 0x000001c341152060
Event: 0.040 Thread 0x000001c34debdcf0 Thread added: 0x000001c341154e10
Event: 0.092 Thread 0x000001c34debdcf0 Thread added: 0x000001c341140530
Event: 0.102 Thread 0x000001c341154e10 Thread added: 0x000001c341153760
Event: 0.124 Thread 0x000001c34debdcf0 Thread added: 0x000001c34113f690
Event: 0.334 Thread 0x000001c34debdcf0 Thread added: 0x000001c34146fff0
Event: 0.409 Thread 0x000001c341154e10 Thread added: 0x000001c341152fd0
Event: 0.493 Thread 0x000001c34debdcf0 Thread added: 0x000001c341470740


Dynamic libraries:
0x00007ff6fead0000 - 0x00007ff6feae0000 	C:\Program Files\Java\jdk-24\bin\java.exe
0x00007ffb3c960000 - 0x00007ffb3cbc8000 	C:\WINDOWS\SYSTEM32\ntdll.dll
0x00007ffb3c2b0000 - 0x00007ffb3c379000 	C:\WINDOWS\System32\KERNEL32.DLL
0x00007ffb39c90000 - 0x00007ffb3a07d000 	C:\WINDOWS\System32\KERNELBASE.dll
0x00007ffb39ab0000 - 0x00007ffb39bfb000 	C:\WINDOWS\System32\ucrtbase.dll
0x00007ffb31010000 - 0x00007ffb31026000 	C:\Program Files\Java\jdk-24\bin\jli.dll
0x00007ffb30e30000 - 0x00007ffb30e4b000 	C:\Program Files\Java\jdk-24\bin\VCRUNTIME140.dll
0x00007ffb3b320000 - 0x00007ffb3b4ec000 	C:\WINDOWS\System32\USER32.dll
0x00007ffb04c50000 - 0x00007ffb04eea000 	C:\WINDOWS\WinSxS\amd64_microsoft.windows.common-controls_6595b64144ccf1df_6.0.26100.4484_none_3e0e6d4ce32ef3b3\COMCTL32.dll
0x00007ffb3a440000 - 0x00007ffb3a467000 	C:\WINDOWS\System32\win32u.dll
0x00007ffb3b270000 - 0x00007ffb3b319000 	C:\WINDOWS\System32\msvcrt.dll
0x00007ffb3b690000 - 0x00007ffb3b6bb000 	C:\WINDOWS\System32\GDI32.dll
0x00007ffb3a5c0000 - 0x00007ffb3a6f7000 	C:\WINDOWS\System32\gdi32full.dll
0x00007ffb3a470000 - 0x00007ffb3a513000 	C:\WINDOWS\System32\msvcp_win.dll
0x00007ffb3c630000 - 0x00007ffb3c65f000 	C:\WINDOWS\System32\IMM32.DLL
0x00007ffb30e00000 - 0x00007ffb30e0c000 	C:\Program Files\Java\jdk-24\bin\vcruntime140_1.dll
0x00007ffb028b0000 - 0x00007ffb0293e000 	C:\Program Files\Java\jdk-24\bin\msvcp140.dll
0x00007ffaa5170000 - 0x00007ffaa5f12000 	C:\Program Files\Java\jdk-24\bin\server\jvm.dll
0x00007ffb3b7f0000 - 0x00007ffb3b8a4000 	C:\WINDOWS\System32\ADVAPI32.dll
0x00007ffb3b6c0000 - 0x00007ffb3b766000 	C:\WINDOWS\System32\sechost.dll
0x00007ffb3b0c0000 - 0x00007ffb3b1d8000 	C:\WINDOWS\System32\RPCRT4.dll
0x00007ffb3a710000 - 0x00007ffb3a784000 	C:\WINDOWS\System32\WS2_32.dll
0x00007ffb39310000 - 0x00007ffb3936e000 	C:\WINDOWS\SYSTEM32\POWRPROF.dll
0x00007ffb32820000 - 0x00007ffb3282b000 	C:\WINDOWS\SYSTEM32\VERSION.dll
0x00007ffb2aab0000 - 0x00007ffb2aae5000 	C:\WINDOWS\SYSTEM32\WINMM.dll
0x00007ffb392f0000 - 0x00007ffb39304000 	C:\WINDOWS\SYSTEM32\UMPDC.dll
0x00007ffb38810000 - 0x00007ffb3882b000 	C:\WINDOWS\SYSTEM32\kernel.appcore.dll
0x00007ffb30df0000 - 0x00007ffb30dfa000 	C:\Program Files\Java\jdk-24\bin\jimage.dll
0x00007ffb370a0000 - 0x00007ffb372e1000 	C:\WINDOWS\SYSTEM32\DBGHELP.DLL
0x00007ffb3b8e0000 - 0x00007ffb3bc66000 	C:\WINDOWS\System32\combase.dll
0x00007ffb3b5a0000 - 0x00007ffb3b680000 	C:\WINDOWS\System32\OLEAUT32.dll
0x00007ffb0be40000 - 0x00007ffb0be83000 	C:\WINDOWS\SYSTEM32\dbgcore.DLL
0x00007ffb3a520000 - 0x00007ffb3a5b9000 	C:\WINDOWS\System32\bcryptPrimitives.dll
0x00007ffb30d70000 - 0x00007ffb30d7f000 	C:\Program Files\Java\jdk-24\bin\instrument.dll
0x00007ffb2fc10000 - 0x00007ffb2fc2e000 	C:\Program Files\Java\jdk-24\bin\java.dll
0x00007ffb3bc70000 - 0x00007ffb3be0e000 	C:\WINDOWS\System32\ole32.dll
0x00007ffb3a970000 - 0x00007ffb3b0ba000 	C:\WINDOWS\System32\SHELL32.dll
0x00007ffb3a080000 - 0x00007ffb3a1f4000 	C:\WINDOWS\System32\wintypes.dll
0x00007ffaa4d90000 - 0x00007ffaa4f9e000 	C:\Users\Shayan\AppData\Local\Temp\idea_libasyncProfiler_dll_temp_folder1040\libasyncProfiler.dll
0x00007ffb2fa90000 - 0x00007ffb2faa7000 	C:\Program Files\Java\jdk-24\bin\zip.dll
0x00007ffb376d0000 - 0x00007ffb37f2b000 	C:\WINDOWS\SYSTEM32\windows.storage.dll
0x00007ffb3c820000 - 0x00007ffb3c915000 	C:\WINDOWS\System32\SHCORE.dll
0x00007ffb3c780000 - 0x00007ffb3c7ea000 	C:\WINDOWS\System32\shlwapi.dll
0x00007ffb399c0000 - 0x00007ffb399ef000 	C:\WINDOWS\SYSTEM32\profapi.dll
0x00007ffaec030000 - 0x00007ffaec107000 	C:\Program Files\Java\jdk-24\bin\jsvml.dll
0x00007ffb30de0000 - 0x00007ffb30df0000 	C:\Program Files\Java\jdk-24\bin\net.dll
0x00007ffb38d80000 - 0x00007ffb38dea000 	C:\WINDOWS\system32\mswsock.dll
0x00007ffb2fbf0000 - 0x00007ffb2fc06000 	C:\Program Files\Java\jdk-24\bin\nio.dll
0x00007ffb30240000 - 0x00007ffb30249000 	C:\Program Files\Java\jdk-24\bin\extnet.dll

dbghelp: loaded successfully - version: 4.0.5 - missing functions: none
symbol engine: initialized successfully - sym options: 0x614 - pdb path: .;C:\Program Files\Java\jdk-24\bin;C:\WINDOWS\SYSTEM32;C:\WINDOWS\WinSxS\amd64_microsoft.windows.common-controls_6595b64144ccf1df_6.0.26100.4484_none_3e0e6d4ce32ef3b3;C:\Program Files\Java\jdk-24\bin\server;C:\Users\Shayan\AppData\Local\Temp\idea_libasyncProfiler_dll_temp_folder1040

VM Arguments:
jvm_args: -ea -Didea.test.cyclic.buffer.size=1048576 -javaagent:C:\Program Files\JetBrains\IntelliJ IDEA 2024.3.5\lib\idea_rt.jar=60112 -javaagent:C:\Users\Shayan\AppData\Local\JetBrains\IntelliJIdea2024.3\captureAgent\debugger-agent.jar -Dkotlinx.coroutines.debug.enable.creation.stack.trace=false -Ddebugger.agent.enable.coroutines=true -Dkotlinx.coroutines.debug.enable.flows.stack.trace=true -Dkotlinx.coroutines.debug.enable.mutable.state.flows.stack.trace=true -agentpath:C:\Users\Shayan\AppData\Local\Temp\idea_libasyncProfiler_dll_temp_folder1040\libasyncProfiler.dll=start,jfr,event=wall,interval=10ms,jfrsync=profile,cstack=no,file=C:\Users\Shayan\IdeaSnapshots\CommentServiceImplTest_2025_07_12_090856.jfr,dbghelppath=C:\Users\Shayan\AppData\Local\Temp\idea_dbghelp_dll_temp_folder1\dbghelp.dll,log=C:\Users\Shayan\AppData\Local\Temp\CommentServiceImplTest_2025_07_12_090856.jfr.log.txt,logLevel=DEBUG -Dfile.encoding=UTF-8 -Dsun.stdout.encoding=UTF-8 -Dsun.stderr.encoding=UTF-8 
java_command: com.intellij.rt.junit.JUnitStarter -ideVersion5 -junit5 ir.maktabsharif.home_service.service.comment.CommentServiceImplTest
java_class_path (initial): C:\Users\Shayan\.m2\repository\org\junit\platform\junit-platform-launcher\1.12.2\junit-platform-launcher-1.12.2.jar;C:\Program Files\JetBrains\IntelliJ IDEA 2024.3.5\lib\idea_rt.jar;C:\Program Files\JetBrains\IntelliJ IDEA 2024.3.5\plugins\junit\lib\junit5-rt.jar;C:\Program Files\JetBrains\IntelliJ IDEA 2024.3.5\plugins\junit\lib\junit-rt.jar;C:\Users\Shayan\IdeaProjects\MaktabSharif\MaktabSharif\Final_Project\target\test-classes;C:\Users\Shayan\IdeaProjects\MaktabSharif\MaktabSharif\Final_Project\target\classes;C:\Users\Shayan\.m2\repository\org\mapstruct\mapstruct\1.6.3\mapstruct-1.6.3.jar;C:\Users\Shayan\.m2\repository\jakarta\persistence\jakarta.persistence-api\3.1.0\jakarta.persistence-api-3.1.0.jar;C:\Users\Shayan\.m2\repository\org\hibernate\orm\hibernate-core\6.6.18.Final\hibernate-core-6.6.18.Final.jar;C:\Users\Shayan\.m2\repository\jakarta\transaction\jakarta.transaction-api\2.0.1\jakarta.transaction-api-2.0.1.jar;C:\Users\Shayan\.m2\repository\org\jboss\logging\jboss-logging\3.6.1.Final\jboss-logging-3.6.1.Final.jar;C:\Users\Shayan\.m2\repository\org\hibernate\common\hibernate-commons-annotations\7.0.3.Final\hibernate-commons-annotations-7.0.3.Final.jar;C:\Users\Shayan\.m2\repository\io\smallrye\jandex\3.2.0\jandex-3.2.0.jar;C:\Users\Shayan\.m2\repository\com\fasterxml\classmate\1.7.0\classmate-1.7.0.jar;C:\Users\Shayan\.m2\repository\net\bytebuddy\byte-buddy\1.17.5\byte-buddy-1.17.5.jar;C:\Users\Shayan\.m2\repository\jakarta\xml\bind\jakarta.xml.bind-api\4.0.2\jakarta.xml.bind-api-4.0.2.jar;C:\Users\Shayan\.m2\repository\jakarta\activation\jakarta.activation-api\2.1.3\jakarta.activation-api-2.1.3.jar;C:\Users\Shayan\.m2\repository\org\glassfish\jaxb\jaxb-runtime\4.0.5\jaxb-runtime-4.0.5.jar;C:\Users\Shayan\.m2\repository\org\glassfish\jaxb\jaxb-core\4.0.5\jaxb-core-4.0.5.jar;C:\Users\Shayan\.m2\repository\org\eclipse\angus\angus-activation\2.0.2\angus-activation-2.0.2.jar;C:\Users\Shayan\.m2\repository\org\glassfish\jaxb\txw2\4.0.5\txw2-4.0.5.jar;C:\Users\Shayan\.m2\repository\com\sun\istack\istack-commons-runtime\4.1.2\istack-commons-runtime-4.1.2.jar;C:\Users\Shayan\.m2\repository\jakarta\inject\jakarta.inject-api\2.0.1\jakarta.inject-api-2.0.1.jar;C:\Users\Shayan\.m2\repository\org\antlr\antlr4-runtime\4.13.0\antlr4-runtime-4.13.0.jar;C:\Users\Shayan\.m2\repository\org\mapstruct\mapstruct-processor\1.6.3\mapstruct-processor-1.6.3.jar;C:\Users\Shayan\.m2\repository\org\hibernate\validator\hibernate-validator\8.0.2.Final\hibernate-validator-8.0.2.Final.jar;C:\Users\Shayan\.m2\repository\jakarta\validation\jakarta.validation-api\3.0.2\jakarta.validation-api-3.0.2.jar;C:\Users\Shayan\.m2\repository\org\springdoc\springdoc-openapi-starter-webmvc-ui\2.8.8\springdoc-openapi-starter-webmvc-ui-2.8.8.jar;C:\Users\Shayan\.m2\repository\org\springdoc\springdoc-openapi-starter-webmvc-api\2.8.8\springdoc-openapi-starter-webmvc-api-2.8.8.jar;C:\Users\Shayan\.m2\repository\org\springdoc\springdoc-openapi-starter-common\2.8.8\springdoc-openapi-starter-common-2.8.8.jar;C:\Users\Shayan\.m2\repository\org\springframework\boot\spring-boot-starter-validation\3.5.0\spring-boot-starter-validation-3.5.0.jar;C:\Users\Shayan\.m2\repository\io\swagger\core\v3\swagger-core-jakarta\2.2.30\swagger-core-jakarta-2.2.30.jar;C:\Users\Shayan\.m2\repository\org\apache\commons\commons-lang3\3.17.0\commons-lang3-3.17.0.jar;C:\Users\Shayan\.m2\repository\io\swagger\core\v3\swagger-annotations-jakarta\2.2.30\swagger-annotations-jakarta-2.2.30.jar;C:\Users\Shayan\.m2\repository\io\swagger\core\v3\swagger-models-jakarta\2.2.30\swagger-models-jakarta-2.2.30.jar;C:\Users\Shayan\.m2\repository\com\fasterxml\jackson\dataformat\jackson-dataformat-yaml\2.19.0\jackson-dataformat-yaml-2.19.0.jar;C:\Users\Shayan\.m2\repository\org\webjars\swagger-ui\5.21.0\swagger-ui-5.21.0.jar;C:\Users\Shayan\.m2\repository\org\webjars\webjars-locator-lite\1.1.0\webjars-locator-lite-1.1.0.jar;C:\Users\Shayan\.m2\repository\org\jspecify\jspecify\1.0.0\jspecify-1.0.0.jar;C:\Users\Shayan\.m2\repository\org\springframework\boot\spring-boot-starter-web\3.5.0\spring-boot-starter-web-3.5.0.jar;C:\Users\Shayan\.m2\repository\org\springframework\boot\spring-boot-starter\3.5.0\spring-boot-starter-3.5.0.jar;C:\Users\Shayan\.m2\repository\org\springframework\boot\spring-boot\3.5.0\spring-boot-3.5.0.jar;C:\Users\Shayan\.m2\repository\org\springframework\boot\spring-boot-autoconfigure\3.5.0\spring-boot-autoconfigure-3.5.0.jar;C:\Users\Shayan\.m2\repository\org\springframework\boot\spring-boot-starter-logging\3.5.0\spring-boot-starter-logging-3.5.0.jar;C:\Users\Shayan\.m2\repository\ch\qos\logback\logback-classic\1.5.18\logback-classic-1.5.18.jar;C:\Users\Shayan\.m2\repository\ch\qos\logback\logback-core\1.5.18\logback-core-1.5.18.jar;C:\Users\Shayan\.m2\repository\org\apache\logging\log4j\log4j-to-slf4j\2.24.3\log4j-to-slf4j-2.24.3.jar;C:\Users\Shayan\.m2\repository\org\apache\logging\log4j\log4j-api\2.24.3\log4j-api-2.24.3.jar;C:\Users\Shayan\.m2\repository\org\slf4j\jul-to-slf4j\2.0.17\jul-to-slf4j-2.0.17.jar;C:\Users\Shayan\.m2\repository\jakarta\annotation\jakarta.annotation-api\2.1.1\jakarta.annotation-api-2.1.1.jar;C:\Users\Shayan\.m2\repository\org\yaml\snakeyaml\2.4\snakeyaml-2.4.jar;C:\Users\Shayan\.m2\repository\org\springframework\boot\spring-boot-starter-json\3.5.0\spring-boot-starter-json-3.5.0.jar;C:\Users\Shayan\.m2\repository\com\fasterxml\jackson\core\jackson-databind\2.19.0\jackson-databind-2.19.0.jar;C:\Users\Shayan\.m2\repository\com\fasterxml\jackson\core\jackson-annotations\2.19.0\jackson-annotations-2.19.0.jar;C:\Users\Shayan\.m2\repository\com\fasterxml\jackson\core\jackson-core\2.19.0\jackson-core-2.19.0.jar;C:\Users\Shayan\.m2\repository\com\fasterxml\jackson\datatype\jackson-datatype-jdk8\2.19.0\jackson-datatype-jdk8-2.19.0.jar;C:\Users\Shayan\.m2\repository\com\fasterxml\jackson\datatype\jackson-datatype-jsr310\2.19.0\jackson-datatype-jsr310-2.19.0.jar;C:\Users\Shayan\.m2\repository\com\fasterxml\jackson\module\jackson-module-parameter-names\2.19.0\jackson-module-parameter-names-2.19.0.jar;C:\Users\Shayan\.m2\repository\org\springframework\boot\spring-boot-starter-tomcat\3.5.0\spring-boot-starter-tomcat-3.5.0.jar;C:\Users\Shayan\.m2\repository\org\apache\tomcat\embed\tomcat-embed-core\10.1.41\tomcat-embed-core-10.1.41.jar;C:\Users\Shayan\.m2\repository\org\apache\tomcat\embed\tomcat-embed-el\10.1.41\tomcat-embed-el-10.1.41.jar;C:\Users\Shayan\.m2\repository\org\apache\tomcat\embed\tomcat-embed-websocket\10.1.41\tomcat-embed-websocket-10.1.41.jar;C:\Users\Shayan\.m2\repository\org\springframework\spring-web\6.2.7\spring-web-6.2.7.jar;C:\Users\Shayan\.m2\repository\org\springframework\spring-beans\6.2.7\spring-beans-6.2.7.jar;C:\Users\Shayan\.m2\repository\io\micrometer\micrometer-observation\1.15.0\micrometer-observation-1.15.0.jar;C:\Users\Shayan\.m2\repository\io\micrometer\micrometer-commons\1.15.0\micrometer-commons-1.15.0.jar;C:\Users\Shayan\.m2\repository\org\springframework\spring-webmvc\6.2.7\spring-webmvc-6.2.7.jar;C:\Users\Shayan\.m2\repository\org\springframework\spring-context\6.2.7\spring-context-6.2.7.jar;C:\Users\Shayan\.m2\repository\org\springframework\spring-expression\6.2.7\spring-expression-6.2.7.jar;C:\Users\Shayan\.m2\repository\org\postgresql\postgresql\42.7.5\postgresql-42.7.5.jar;C:\Users\Shayan\.m2\repository\org\checkerframework\checker-qual\3.48.3\checker-qual-3.48.3.jar;C:\Users\Shayan\.m2\repository\org\projectlombok\lombok\1.18.38\lombok-1.18.38.jar;C:\Users\Shayan\.m2\repository\org\springframework\boot\spring-boot-starter-test\3.5.0\spring-boot-starter-test-3.5.0.jar;C:\Users\Shayan\.m2\repository\org\springframework\boot\spring-boot-test\3.5.0\spring-boot-test-3.5.0.jar;C:\Users\Shayan\.m2\repository\org\springframework\boot\spring-boot-test-autoconfigure\3.5.0\spring-boot-test-autoconfigure-3.5.0.jar;C:\Users\Shayan\.m2\repository\com\jayway\jsonpath\json-path\2.9.0\json-path-2.9.0.jar;C:\Users\Shayan\.m2\repository\org\slf4j\slf4j-api\2.0.17\slf4j-api-2.0.17.jar;C:\Users\Shayan\.m2\repository\net\minidev\json-smart\2.5.2\json-smart-2.5.2.jar;C:\Users\Shayan\.m2\repository\net\minidev\accessors-smart\2.5.2\accessors-smart-2.5.2.jar;C:\Users\Shayan\.m2\repository\org\ow2\asm\asm\9.7.1\asm-9.7.1.jar;C:\Users\Shayan\.m2\repository\org\assertj\assertj-core\3.27.3\assertj-core-3.27.3.jar;C:\Users\Shayan\.m2\repository\org\awaitility\awaitility\4.3.0\awaitility-4.3.0.jar;C:\Users\Shayan\.m2\repository\org\hamcrest\hamcrest\3.0\hamcrest-3.0.jar;C:\Users\Shayan\.m2\repository\org\junit\jupiter\junit-jupiter\5.12.2\junit-jupiter-5.12.2.jar;C:\Users\Shayan\.m2\repository\org\junit\jupiter\junit-jupiter-api\5.12.2\junit-jupiter-api-5.12.2.jar;C:\Users\Shayan\.m2\repository\org\opentest4j\opentest4j\1.3.0\opentest4j-1.3.0.jar;C:\Users\Shayan\.m2\repository\org\junit\platform\junit-platform-commons\1.12.2\junit-platform-commons-1.12.2.jar;C:\Users\Shayan\.m2\repository\org\apiguardian\apiguardian-api\1.1.2\apiguardian-api-1.1.2.jar;C:\Users\Shayan\.m2\repository\org\junit\jupiter\junit-jupiter-params\5.12.2\junit-jupiter-params-5.12.2.jar;C:\Users\Shayan\.m2\repository\org\junit\jupiter\junit-jupiter-engine\5.12.2\junit-jupiter-engine-5.12.2.jar;C:\Users\Shayan\.m2\repository\org\junit\platform\junit-platform-engine\1.12.2\junit-platform-engine-1.12.2.jar;C:\Users\Shayan\.m2\repository\org\mockito\mockito-core\5.17.0\mockito-core-5.17.0.jar;C:\Users\Shayan\.m2\repository\net\bytebuddy\byte-buddy-agent\1.17.5\byte-buddy-agent-1.17.5.jar;C:\Users\Shayan\.m2\repository\org\objenesis\objenesis\3.3\objenesis-3.3.jar;C:\Users\Shayan\.m2\repository\org\mockito\mockito-junit-jupiter\5.17.0\mockito-junit-jupiter-5.17.0.jar;C:\Users\Shayan\.m2\repository\org\skyscreamer\jsonassert\1.5.3\jsonassert-1.5.3.jar;C:\Users\Shayan\.m2\repository\com\vaadin\external\google\android-json\0.0.20131108.vaadin1\android-json-0.0.20131108.vaadin1.jar;C:\Users\Shayan\.m2\repository\org\springframework\spring-core\6.2.7\spring-core-6.2.7.jar;C:\Users\Shayan\.m2\repository\org\springframework\spring-jcl\6.2.7\spring-jcl-6.2.7.jar;C:\Users\Shayan\.m2\repository\org\springframework\spring-test\6.2.7\spring-test-6.2.7.jar;C:\Users\Shayan\.m2\repository\org\xmlunit\xmlunit-core\2.10.1\xmlunit-core-2.10.1.jar;C:\Users\Shayan\.m2\repository\org\springframework\boot\spring-boot-starter-data-jpa\3.5.0\spring-boot-starter-data-jpa-3.5.0.jar;C:\Users\Shayan\.m2\repository\org\springframework\boot\spring-boot-starter-jdbc\3.5.0\spring-boot-starter-jdbc-3.5.0.jar;C:\Users\Shayan\.m2\repository\com\zaxxer\HikariCP\6.3.0\HikariCP-6.3.0.jar;C:\Users\Shayan\.m2\repository\org\springframework\spring-jdbc\6.2.7\spring-jdbc-6.2.7.jar;C:\Users\Shayan\.m2\repository\org\springframework\data\spring-data-jpa\3.5.0\spring-data-jpa-3.5.0.jar;C:\Users\Shayan\.m2\repository\org\springframework\data\spring-data-commons\3.5.0\spring-data-commons-3.5.0.jar;C:\Users\Shayan\.m2\repository\org\springframework\spring-orm\6.2.7\spring-orm-6.2.7.jar;C:\Users\Shayan\.m2\repository\org\springframework\spring-tx\6.2.7\spring-tx-6.2.7.jar;C:\Users\Shayan\.m2\repository\org\springframework\spring-aspects\6.2.7\spring-aspects-6.2.7.jar;C:\Users\Shayan\.m2\repository\org\aspectj\aspectjweaver\1.9.24\aspectjweaver-1.9.24.jar;C:\Users\Shayan\.m2\repository\org\springframework\boot\spring-boot-starter-security\3.5.0\spring-boot-starter-security-3.5.0.jar;C:\Users\Shayan\.m2\repository\org\springframework\spring-aop\6.2.7\spring-aop-6.2.7.jar;C:\Users\Shayan\.m2\repository\org\springframework\security\spring-security-config\6.5.0\spring-security-config-6.5.0.jar;C:\Users\Shayan\.m2\repository\org\springframework\security\spring-security-web\6.5.0\spring-security-web-6.5.0.jar;C:\Users\Shayan\.m2\repository\org\springframework\security\spring-security-test\6.5.0\spring-security-test-6.5.0.jar;C:\Users\Shayan\.m2\repository\org\springframework\security\spring-security-core\6.5.0\spring-security-core-6.5.0.jar;C:\Users\Shayan\.m2\repository\org\springframework\security\spring-security-crypto\6.5.0\spring-security-crypto-6.5.0.jar
Launcher Type: SUN_STANDARD

[Global flags]
     intx CICompilerCount                          = 4                                         {product} {ergonomic}
     uint ConcGCThreads                            = 3                                         {product} {ergonomic}
     bool FlightRecorder                           = true                                      {product} {management}
     uint G1ConcRefinementThreads                  = 10                                        {product} {ergonomic}
   size_t G1HeapRegionSize                         = 2097152                                   {product} {ergonomic}
   size_t InitialHeapSize                          = 264241152                                 {product} {ergonomic}
   size_t MarkStackSize                            = 4194304                                   {product} {ergonomic}
   size_t MarkStackSizeMax                         = 536870912                                 {product} {ergonomic}
   size_t MaxHeapSize                              = 4223664128                                {product} {ergonomic}
   size_t MaxNewSize                               = 2533359616                                {product} {ergonomic}
   size_t MinHeapDeltaBytes                        = 2097152                                   {product} {ergonomic}
   size_t MinHeapSize                              = 8388608                                   {product} {ergonomic}
    uintx NonNMethodCodeHeapSize                   = 5832704                                {pd product} {ergonomic}
    uintx NonProfiledCodeHeapSize                  = 122945536                              {pd product} {ergonomic}
    uintx ProfiledCodeHeapSize                     = 122880000                              {pd product} {ergonomic}
    uintx ReservedCodeCacheSize                    = 251658240                              {pd product} {ergonomic}
     bool SegmentedCodeCache                       = true                                      {product} {ergonomic}
   size_t SoftMaxHeapSize                          = 4223664128                             {manageable} {ergonomic}
     bool UseCompressedOops                        = true                           {product lp64_product} {ergonomic}
     bool UseG1GC                                  = true                                      {product} {ergonomic}
     bool UseLargePagesIndividualAllocation        = false                                  {pd product} {ergonomic}

Logging:
Log output configuration:
 #0: stdout all=warning uptime,level,tags foldmultilines=false
 #1: stderr all=off uptime,level,tags foldmultilines=false

Environment Variables:
PATH=C:\Program Files (x86)\VMware\VMware Workstation\bin\;C:\Program Files\Common Files\Oracle\Java\javapath;C:\WINDOWS\system32;C:\WINDOWS;C:\WINDOWS\System32\Wbem;C:\WINDOWS\System32\WindowsPowerShell\v1.0\;C:\WINDOWS\System32\OpenSSH\;C:\Program Files\dotnet\;C:\Program Files (x86)\NVIDIA Corporation\PhysX\Common;C:\Program Files\WireSock VPN Client\bin\;C:\Program Files\Git\cmd;C:\Users\Shayan\AppData\Local\Microsoft\WindowsApps;C:\Users\Shayan\AppData\Local\Programs\Microsoft VS Code\bin
USERNAME=Shayan
OS=Windows_NT
PROCESSOR_IDENTIFIER=Intel64 Family 6 Model 186 Stepping 2, GenuineIntel
TMP=C:\Users\Shayan\AppData\Local\Temp
TEMP=C:\Users\Shayan\AppData\Local\Temp




Periodic native trim disabled

---------------  S Y S T E M  ---------------

OS:
 Windows 11 , 64 bit Build 26100 (10.0.26100.4484)
OS uptime: 0 days 1:46 hours
Hyper-V role detected

CPU: total 12 (initial active 12) (6 cores per cpu, 2 threads per core) family 6 model 186 stepping 2 microcode 0x410e, cx8, cmov, fxsr, ht, mmx, 3dnowpref, sse, sse2, sse3, ssse3, sse4.1, sse4.2, popcnt, lzcnt, tsc, tscinvbit, avx, avx2, aes, erms, clmul, bmi1, bmi2, adx, sha, fma, vzeroupper, clflush, clflushopt, clwb, hv, serialize, rdtscp, rdpid, fsrm, gfni, f16c, cet_ibt, cet_ss
Processor Information for processor 0
  Max Mhz: 2100, Current Mhz: 2100, Mhz Limit: 2100
Processor Information for processor 1
  Max Mhz: 2100, Current Mhz: 2100, Mhz Limit: 2100
Processor Information for processor 2
  Max Mhz: 2100, Current Mhz: 2100, Mhz Limit: 2100
Processor Information for processor 3
  Max Mhz: 2100, Current Mhz: 2100, Mhz Limit: 2100
Processor Information for processor 4
  Max Mhz: 2100, Current Mhz: 2100, Mhz Limit: 2100
Processor Information for processor 5
  Max Mhz: 2100, Current Mhz: 2100, Mhz Limit: 2100
Processor Information for processor 6
  Max Mhz: 2100, Current Mhz: 2100, Mhz Limit: 2100
Processor Information for processor 7
  Max Mhz: 2100, Current Mhz: 2100, Mhz Limit: 2100
Processor Information for processor 8
  Max Mhz: 2100, Current Mhz: 1500, Mhz Limit: 1491
Processor Information for processor 9
  Max Mhz: 2100, Current Mhz: 1500, Mhz Limit: 1491
Processor Information for processor 10
  Max Mhz: 2100, Current Mhz: 1500, Mhz Limit: 1491
Processor Information for processor 11
  Max Mhz: 2100, Current Mhz: 1500, Mhz Limit: 1491

Memory: 4k page, system-wide physical 16108M (4897M free)
TotalPageFile size 24812M (AvailPageFile size 9533M)
current process WorkingSet (physical memory assigned to process): 96M, peak: 96M
current process commit charge ("private bytes"): 395M, peak: 397M

vm_info: Java HotSpot(TM) 64-Bit Server VM (24+36-3646) for windows-amd64 JRE (24+36-3646), built on 2025-02-06T00:20:43Z with MS VC++ 17.6 (VS2022)

END.
